================================================================================
RESOURCE PARSER - MODEL SCAN LOG
================================================================================

CONFIGURATION
--------------------------------------------------------------------------------
Mode: model-scan
Source: /workspace/project/Zeppelin-Craft/zpaks/hd-buildings/mpq/source-assets
Output: /workspace/project/Zeppelin-Craft/zpaks/hd-buildings/mpq/parsed-assets
Assets Source: /workspace/project/Zeppelin-Tools/Asset Library/GAME ASSETS
Stock Asset List: /workspace/project/Zeppelin-Craft/cli/lib/resource_parser/data/wotlk_335a_merged.txt

SUMMARY
--------------------------------------------------------------------------------
Custom M2 Models Required: 13
Custom Textures Required: 551
Stock Assets Filtered: 376
Assets Extracted: 437

MISSING ASSETS (160)
--------------------------------------------------------------------------------
  DUNGEONS/TEXTURES/KEKIE6/13065_2144284.BLP
  DUNGEONS/TEXTURES/KEKIE6/13065_2144313.BLP
  DUNGEONS/TEXTURES/KEKIE6/HOUSE_3802933.BLP
  DUNGEONS/TEXTURES/KEKIE6/HOUSE_3802934.BLP
  DUNGEONS/TEXTURES/KEKIE6/STRATHOLME_ROOF.BLP
  DUNGEONS/TEXTURES/KEKIE6/STRATHOLME_ROOF_BACKSIDE.BLP
  DUNGEONS/TEXTURES/KEKIE6/STRATHOLME_ROOF_MOSSY.BLP
  DUNGEONS/TEXTURES/KEKIE6/STRATHOLME_ROOF_TOP.BLP
  DUNGEONS/TEXTURES/KEKIE6/STRATHOLME_STONETRIM.BLP
  ITEM/OBJECTCOMPONENTS/HEAD/MAIN_HELMET_D.BLP
  ITEM/OBJECTCOMPONENTS/SHOULDER/20TH_RAIDDRUID_T2.BLP
  ITEM/OBJECTCOMPONENTS/SHOULDER/6032760_6076065.BLP
  ITEM/OBJECTCOMPONENTS/SHOULDER/DREADNAUGHT_SHOULDERS_E_01.BLP
  ITEM/OBJECTCOMPONENTS/SHOULDER/MAIN_SHOULDERS_D.BLP
  ITEM/OBJECTCOMPONENTS/WEAPON/BLACKHANDSDOOMSAWFXMASK.BLP
  ITEM/OBJECTCOMPONENTS/WEAPON/HIGHWARLORDSGREATSWORD_E.BLP
  TEXTURES/11EA_EARTHEN_DOOR04_5336045.BLP
  TEXTURES/11EA_EARTHEN_SHOPDISPLAY01_5371400.BLP
  TEXTURES/6HU_GARRISON_BARN_DIRT.BLP
  TEXTURES/6HU_GARRISON_WOODPANELS_END.BLP
  TEXTURES/7AF_PLD_BRICKWALL03.BLP
  TEXTURES/7AF_PLD_PILLARS03.BLP
  TEXTURES/7AF_PLD_STAIRS01.BLP
  TEXTURES/7AF_PLD_TRIMS01.BLP
  TEXTURES/7AF_PLD_TRIMS02.BLP
  TEXTURES/7AF_PLD_WINDOW.BLP
  TEXTURES/8HU_KULTIRAS_SHIP_STAIRS01.BLP
  TEXTURES/8HU_PVP_ARATHIBG_ALLIANCEFENCE_2313282.BLP
  TEXTURES/DF.BLP
  TEXTURES/LT_STRMWND_WALL_06.BLP
  TEXTURES/NA_DWARF_FLOOR01.BLP
  TEXTURES/NA_DWARF_STAIRS01.BLP
  TEXTURES/NA_DWARF_TRIM03_DARK.BLP
  TEXTURES/NA_DWARF_TRIM05_DARK.BLP
  TEXTURES/NA_DWARF_TRIM1.BLP
  TEXTURES/NA_DWARF_TRIM1_DARK.BLP
  TEXTURES/NA_DWARF_TRIM2.BLP
  TEXTURES/NA_DWARF_TRIM2_DARK.BLP
  TEXTURES/NA_DWARF_TRIM3.BLP
  TEXTURES/NA_DWARF_TRIM4.BLP
  TEXTURES/NA_DWARF_WALL01.BLP
  TEXTURES/NA_DWARF_WALL01CORNER.BLP
  TEXTURES/NA_DWARF_WALL02.BLP
  TEXTURES/NA_DWARF_WINDOWS01.BLP
  TEXTURES/NORTHAERON_DIRT01.BLP
  TEXTURES/NSABBEYDOOR01.BLP
  TEXTURES/RESTORED-IMAGE.BLP
  TEXTURES/ROUND_WINDOW.BLP
  TEXTURES/STRATHOLME_BRASS_POST.BLP
  TEXTURES/STRATHOLME_FENCE.BLP
  TEXTURES/STRATHOLME_ROOF_3.BLP
  TEXTURES/STRATHOLME_WALLCOVE.BLP
  TEXTURES/STRATHOLME_WALLCOVE2.BLP
  TEXTURES/STRATHOLME_WALLCOVE3.BLP
  TEXTURES/UTHERSHRINE_SILVERDETAILS.BLP
  TEXTURES/UTHERSHRINE_STAINEDGLASSEXTERIOR_DIFFUSE.BLP
  TEXTURES/UTHERSHRINE_STAINEDGLASSSYMBOLEXTERIOR_DIFFUSE.BLP
  TEXTURES/UTHERTOMB_METAL_POST.BLP
  TEXTURES/UTHERTOMB_STAIRS.BLP
  TEXTURES/UTHERTOMB_STONETRIM01.BLP
  WORLD/ENVIRONMENT/DOODAD/6.0/ASHRAND/ROCKS/TEXTURES/6AR_WMOCLADDING02.BLPWORLD/ENVIRONMENT/DOODAD/6.0/ASHRAND/ROCKS/TEXTURES/6AR_WMOCLADDING02.BLP
  WORLD/EXPANSION09/DOODADS/CENTAUR/10CT_CENTAUR_BANNER01_DESTROYED01_4520417.BLP
  WORLD/EXPANSION09/DOODADS/CENTAUR/10CT_CENTAUR_BANNER04_DESTROYED01_4519194.BLP
  WORLD/EXPANSION09/DOODADS/CENTAUR/10CT_CENTAUR_CART04_FULL01_4421732.BLP
  WORLD/EXPANSION09/DOODADS/CENTAUR/10CT_CENTAUR_SPEAR05_4530886.BLP
  WORLD/EXPANSION09/DOODADS/CENTAUR/10CT_CENTAUR_SPEAR06_DESTROYED01_4505170.BLP
  WORLD/EXPANSION09/DOODADS/CENTAUR/10CT_CENTAUR_SPIKEWALL04_4479445.BLP
  WORLD/EXPANSION09/DOODADS/CENTAUR/10CT_CENTAUR_TOTEMPOLE12_4498233.BLP
  WORLD/EXPANSION09/DOODADS/GNOLL/10GL_GNOLL_CAMPFIRE_CAMPFIRE_FIRE01.BLP
  WORLD/EXPANSION10/DOODADS/EARTHEN/11EA_EARTHEN_STONELIGHT01_5062304.BLP
  WORLD/GENERIC/HUMAN/PASSIVE DOODADS/OUTPOSTS/6OC_WARSONG_METALTRIM01.BLP
  WORLD/GENERIC/HUMAN/PASSIVE DOODADS/OUTPOSTS/6OR_GARRISON_BLACKIRON.BLP
  WORLD/GENERIC/HUMAN/PASSIVE DOODADS/OUTPOSTS/6OR_GARRISON_SPIKES.BLP
  WORLD/GENERIC/HUMAN/PASSIVE DOODADS/OUTPOSTS/6OR_GARRISON_WOODFENCE4.BLP
  WORLD/GENERIC/HUMAN/PASSIVE DOODADS/OUTPOSTS/6OR_GARRISON_WOODPOST.BLP
  WORLD/GENERIC/HUMAN/PASSIVE DOODADS/OUTPOSTS/6OR_GARRISON_WOODPOSTDARK.BLP
  WORLD/GENERIC/HUMAN/PASSIVE DOODADS/OUTPOSTS/6OR_WARSONG_PILLARS.BLP
  WORLD/GENERIC/HUMAN/PASSIVE DOODADS/OUTPOSTS/8OR_PVP_WARSONGBG_GARRISON_SPIKES01_BRIGHT.BLP
  WORLD/GENERIC/HUMAN/PASSIVE DOODADS/OUTPOSTS/REFUGE_TRIMS.BLP
  WORLD/WMO/EXPANSION08/HUMAN/9HU_HUMAN_BARN01_3567014.BLP
  WORLD/WMO/EXPANSION08/HUMAN/9HU_HUMAN_BARN01_3567016.BLP
  WORLD/WMO/EXPANSION08/HUMAN/9HU_HUMAN_BARN01_3567017.BLP
  WORLD/WMO/EXPANSION08/HUMAN/9HU_HUMAN_BARN01_3567019.BLP
  WORLD/WMO/EXPANSION08/HUMAN/9HU_HUMAN_BARN01_3567021.BLP
  WORLD/WMO/EXPANSION08/HUMAN/9HU_HUMAN_BARN01_3567023.BLP
  WORLD/WMO/EXPANSION08/HUMAN/9HU_HUMAN_BARN01_3567025.BLP
  WORLD/WMO/EXPANSION08/HUMAN/9HU_HUMAN_BARN01_3567026.BLP
  WORLD/WMO/EXPANSION08/HUMAN/9HU_HUMAN_BARN01_3567028.BLP
  WORLD/WMO/EXPANSION08/HUMAN/9HU_HUMAN_BARN01_3567030.BLP
  WORLD/WMO/EXPANSION08/HUMAN/9HU_HUMAN_BARN01_3609728.BLP
  WORLD/WMO/EXPANSION08/HUMAN/9HU_HUMAN_FARM01_3567593.BLP
  WORLD/WMO/EXPANSION08/HUMAN/9HU_HUMAN_FARM01_3567594.BLP
  WORLD/WMO/EXPANSION08/HUMAN/9HU_HUMAN_FARM01_3567597.BLP
  WORLD/WMO/EXPANSION08/HUMAN/9HU_HUMAN_FARM01_3567598.BLP
  WORLD/WMO/EXPANSION08/HUMAN/9HU_HUMAN_FARM01_3567601.BLP
  WORLD/WMO/EXPANSION08/HUMAN/9HU_HUMAN_GOLDSHIREINN01_3719118.BLP
  WORLD/WMO/EXPANSION08/HUMAN/9HU_HUMAN_GOLDSHIREINN01_3719120.BLP
  WORLD/WMO/EXPANSION08/HUMAN/9HU_HUMAN_GOLDSHIREINN01_3719121.BLP
  WORLD/WMO/EXPANSION08/HUMAN/9HU_HUMAN_GOLDSHIREINN01_3719123.BLP
  WORLD/WMO/EXPANSION08/HUMAN/9HU_HUMAN_GOLDSHIREINN01_3719125.BLP
  WORLD/WMO/EXPANSION08/HUMAN/9HU_HUMAN_GOLDSHIREINN01_3719128.BLP
  WORLD/WMO/EXPANSION08/HUMAN/9HU_HUMAN_GOLDSHIREINN01_3719130.BLP
  WORLD/WMO/EXPANSION08/HUMAN/9HU_HUMAN_GOLDSHIREINN01_3719132.BLP
  WORLD/WMO/EXPANSION08/HUMAN/9HU_HUMAN_TWOSTORY01_3609725.BLP
  WORLD/WMO/EXPANSION08/HUMAN/9HU_HUMAN_TWOSTORY01_3609730.BLP
  WORLD/WMO/EXPANSION09/CENTAUR/10CT_CENTAUR_HUT01_3997706.BLP
  WORLD/WMO/EXPANSION09/CENTAUR/10CT_CENTAUR_HUT01_3997707.BLP
  WORLD/WMO/EXPANSION09/CENTAUR/10CT_CENTAUR_HUT01_3997710.BLP
  WORLD/WMO/EXPANSION09/CENTAUR/10CT_CENTAUR_HUT01_4005632.BLP
  WORLD/WMO/EXPANSION09/CENTAUR/10CT_CENTAUR_HUT01_4005633.BLP
  WORLD/WMO/EXPANSION09/CENTAUR/10CT_CENTAUR_HUT01_4005637.BLP
  WORLD/WMO/EXPANSION09/CENTAUR/10CT_CENTAUR_HUT01_4005646.BLP
  WORLD/WMO/EXPANSION09/CENTAUR/10CT_CENTAUR_HUT01_4005647.BLP
  WORLD/WMO/EXPANSION09/CENTAUR/10CT_CENTAUR_HUT01_4005649.BLP
  WORLD/WMO/EXPANSION09/CENTAUR/10CT_CENTAUR_HUT01_4017388.BLP
  WORLD/WMO/EXPANSION09/CENTAUR/10CT_CENTAUR_HUT01_4033897.BLP
  WORLD/WMO/EXPANSION09/CENTAUR/10CT_CENTAUR_HUT01_4033898.BLP
  WORLD/WMO/EXPANSION09/CENTAUR/10CT_CENTAUR_HUT01_4033899.BLP
  WORLD/WMO/EXPANSION09/CENTAUR/10CT_CENTAUR_HUT01_4035544.BLP
  WORLD/WMO/EXPANSION09/CENTAUR/10CT_CENTAUR_HUT02_3997708.BLP
  WORLD/WMO/EXPANSION09/CENTAUR/10CT_CENTAUR_HUT02_3997714.BLP
  WORLD/WMO/EXPANSION09/CENTAUR/10CT_CENTAUR_HUT02_3997715.BLP
  WORLD/WMO/EXPANSION09/CENTAUR/10CT_CENTAUR_HUT02_4005634.BLP
  WORLD/WMO/EXPANSION09/CENTAUR/10CT_CENTAUR_HUT02_4005640.BLP
  WORLD/WMO/EXPANSION09/CENTAUR/10CT_CENTAUR_HUT02_4005641.BLP
  WORLD/WMO/EXPANSION09/CENTAUR/10CT_CENTAUR_HUT02_4005648.BLP
  WORLD/WMO/EXPANSION09/CENTAUR/10CT_CENTAUR_HUT03_4017389.BLP
  WORLD/WMO/EXPANSION09/CENTAUR/10CT_CENTAUR_HUT03_4039232.BLP
  WORLD/WMO/EXPANSION09/CENTAUR/10CT_CENTAUR_HUTCOMMAND01_4065382.BLP
  WORLD/WMO/EXPANSION10/TRANSPORTS/11XP_GOBLIN_ZEPPELIN01_4885795.BLP
  WORLD/WMO/EXPANSION10/TRANSPORTS/11XP_GOBLIN_ZEPPELIN01_4885797.BLP
  WORLD/WMO/EXPANSION10/TRANSPORTS/11XP_GOBLIN_ZEPPELIN01_4885798.BLP
  WORLD/WMO/EXPANSION10/TRANSPORTS/11XP_GOBLIN_ZEPPELIN01_4885801.BLP
  WORLD/WMO/EXPANSION10/TRANSPORTS/11XP_GOBLIN_ZEPPELIN01_4885803.BLP
  WORLD/WMO/EXPANSION10/TRANSPORTS/11XP_GOBLIN_ZEPPELIN01_4885804.BLP
  WORLD/WMO/EXPANSION10/TRANSPORTS/11XP_GOBLIN_ZEPPELIN01_4885805.BLP
  WORLD/WMO/EXPANSION10/TRANSPORTS/11XP_GOBLIN_ZEPPELIN01_4885810.BLP
  WORLD/WMO/EXPANSION10/TRANSPORTS/11XP_GOBLIN_ZEPPELIN01_4885811.BLP
  WORLD/WMO/EXPANSION10/TRANSPORTS/11XP_GOBLIN_ZEPPELIN01_4885817.BLP
  WORLD/WMO/EXPANSION10/TRANSPORTS/11XP_GOBLIN_ZEPPELIN01_4885818.BLP
  WORLD/WMO/EXPANSION10/TRANSPORTS/11XP_GOBLIN_ZEPPELIN01_4885819.BLP
  WORLD/WMO/EXPANSION10/TRANSPORTS/11XP_GOBLIN_ZEPPELIN01_4885820.BLP
  WORLD/WMO/EXPANSION10/TRANSPORTS/11XP_GOBLIN_ZEPPELIN01_4885821.BLP
  WORLD/WMO/EXPANSION10/TRANSPORTS/11XP_GOBLIN_ZEPPELIN01_4899977.BLP
  WORLD/WMO/EXPANSION10/TRANSPORTS/11XP_GOBLIN_ZEPPELIN01_4899980.BLP
  WORLD/WMO/EXPANSION10/TRANSPORTS/11XP_GOBLIN_ZEPPELIN01_4899981.BLP
  WORLD/WMO/EXPANSION10/TRANSPORTS/11XP_GOBLIN_ZEPPELIN01_4899982.BLP
  WORLD/WMO/EXPANSION10/TRANSPORTS/11XP_GOBLIN_ZEPPELIN01_4899983.BLP
  WORLD/WMO/EXPANSION10/TRANSPORTS/11XP_GOBLIN_ZEPPELIN01_4899984.BLP
  WORLD/WMO/EXPANSION10/TRANSPORTS/11XP_GOBLIN_ZEPPELIN01_4899986.BLP
  WORLD/WMO/EXPANSION10/TRANSPORTS/11XP_GOBLIN_ZEPPELIN01_4899987.BLP
  WORLD/WMO/EXPANSION10/TRANSPORTS/11XP_GOBLIN_ZEPPELIN01_4904308.BLP
  WORLD/WMO/KULTIRAS/HUMAN/8HU_PVP_ARATHIBASINBG_BLACKSMITH01_2144284.BLP
  WORLD/WMO/KULTIRAS/HUMAN/8HU_PVP_ARATHIBASINBG_BLACKSMITH01_2144289.BLP
  WORLD/WMO/KULTIRAS/HUMAN/8HU_PVP_ARATHIBASINBG_BLACKSMITH01_2144297.BLP
  WORLD/WMO/KULTIRAS/HUMAN/8HU_PVP_ARATHIBASINBG_BLACKSMITH01_2144301.BLP
  WORLD/WMO/KULTIRAS/HUMAN/8HU_PVP_ARATHIBASINBG_BLACKSMITH01_2144313.BLP
  WORLD/WMO/KULTIRAS/HUMAN/8HU_PVP_ARATHIBASINBG_BLACKSMITH01_2144319.BLP
  WORLD/WMO/KULTIRAS/HUMAN/8HU_PVP_ARATHIBASINBG_BLACKSMITH01_2144321.BLP
  WORLD/WMO/KULTIRAS/HUMAN/8HU_PVP_ARATHIBASINBG_BLACKSMITH01_2144323.BLP

================================================================================
DETAILED EXECUTION LOG
================================================================================
================================================================================
RESOURCE PARSER - MODEL SCAN MODE
================================================================================

Source: /workspace/project/Zeppelin-Craft/zpaks/hd-buildings/mpq/source-assets
Output: /workspace/project/Zeppelin-Craft/zpaks/hd-buildings/mpq/parsed-assets

================================================================================
PHASE 0: STAGING
================================================================================

================================================================================
STEP 0: Building assets directory cache
================================================================================
  Indexed 1,000 folders, 33,892 files so far...
  Indexed 2,000 folders, 60,620 files so far...
  Indexed 3,000 folders, 158,264 files so far...
  Indexed 4,000 folders, 164,481 files so far...
  Indexed 5,000 folders, 183,848 files so far...
  Indexed 6,000 folders, 272,691 files so far...
  Indexed 7,000 folders, 285,979 files so far...
  Indexed 8,000 folders, 347,152 files so far...
  ✅ Indexed 8,497 folders with 365,782 total files

================================================================================
STEP 3: Loading stock WotLK asset list
================================================================================

Listfile: /workspace/project/Zeppelin-Craft/cli/lib/resource_parser/data/wotlk_335a_merged.txt
  Loaded: 168,241 stock assets

================================================================================
STAGING: Copying source-assets to output directory
================================================================================

Source: /workspace/project/Zeppelin-Craft/zpaks/hd-buildings/mpq/source-assets
Destination: /workspace/project/Zeppelin-Craft/zpaks/hd-buildings/mpq/parsed-assets

  Normalizing export folder case...
Files to copy: 3,758

  Copied: 4 files
  Skipped (already exist): 3,754 files
  Source-asset paths registered: 3,758

================================================================================
PHASE 1: WMO PARSING & M2 EXTRACTION
================================================================================

================================================================================
STEP 8: Parsing WMO files for M2 doodad, texture, and nested WMO dependencies
================================================================================

Export Directory: /workspace/project/Zeppelin-Craft/zpaks/hd-buildings/mpq/parsed-assets
WMO files found: 21 root files (+65 group files)

Parsing WMO files for dependencies...

  WMO files parsed: 21
  M2 doodads found: 260
  BLP textures found: 361

  ━━━ M2 Model Sources Summary ━━━
  From ADT direct references: 0 models
  From Ground Effects: 0 models
  From WMO doodads: 260 models
  ━━━━━━━━━━━━━━━━━━━━━━━━━━━━━━
  Total unique M2 models: 260

================================================================================
STEP 1a: Filtering stock M2 models
================================================================================

Total unique M2 models found from parsing: 260
  Checking against stock WotLK asset registry...

Filtering results:
  ✅ Stock WotLK M2 models (already in base client): 247
  ⚠️  Custom/modern M2 models (need to extract): 13

================================================================================
STEP 1b: Searching Asset Library for required M2 models
================================================================================

Assets Source: /workspace/project/Zeppelin-Tools/Asset Library/GAME ASSETS
  Using cached index: 349,709 available assets

Required M2 models: 13
  ⚠️  Found 0 of 13 requested M2 models
  ⚠️  Missing: 13 M2 models
  + Found 13 additional M2 models variants via folder scanning
  = 13 total root M2 models found

Automatically detected dependencies:
  + 13 M2 skin files

Total files found: 26
  (13 root M2 models + 13 skins)

  ⚠️  MISSING M2 MODELS - 13 FILES
  ==============================================================================
    WORLD/EXPANSION04/DOODADS/VALEOFETERNALBLOSSOMS/BUSH/VEB_WATERLILY02.MDX
      ↳ Chain: Unknown: ABBEYGATE01.WMO → M2: VEB_WATERLILY02.MDX
    WORLD/EXPANSION04/DOODADS/VALEOFETERNALBLOSSOMS/BUSH/VEB_WATERLILY06.MDX
      ↳ Chain: Unknown: ABBEYGATE01.WMO → M2: VEB_WATERLILY06.MDX
    WORLD/EXPANSION06/DOODADS/SURAMAR/7SR_IVYCREEP_B01.MDX
      ↳ Chain: Unknown: ABBEYGATE02.WMO → M2: 7SR_IVYCREEP_B01.MDX
    WORLD/EXPANSION06/DOODADS/SURAMAR/7SR_IVYCREEP_B02.MDX
      ↳ Chain: Unknown: ABBEYGATE02.WMO → M2: 7SR_IVYCREEP_B02.MDX
    WORLD/EXPANSION06/DOODADS/SURAMAR/7SR_IVYCREEP_B03.MDX
      ↳ Chain: Unknown: ABBEYGATE02.WMO → M2: 7SR_IVYCREEP_B03.MDX
    WORLD/EXPANSION06/DOODADS/SURAMAR/7SR_IVYCREEP_B04.MDX
      ↳ Chain: Unknown: ABBEYGATE02.WMO → M2: 7SR_IVYCREEP_B04.MDX
    WORLD/EXPANSION06/DOODADS/SURAMAR/7SR_IVYCREEP_B05.MDX
      ↳ Chain: Unknown: ABBEYGATE02.WMO → M2: 7SR_IVYCREEP_B05.MDX
    WORLD/EXPANSION06/DOODADS/SURAMAR/7SR_IVYCREEP_B06.MDX
      ↳ Chain: Unknown: ABBEYGATE02.WMO → M2: 7SR_IVYCREEP_B06.MDX
    WORLD/EXPANSION06/DOODADS/SURAMAR/7SR_IVYCREEP_D02.MDX
      ↳ Chain: Unknown: ABBEYGATE02.WMO → M2: 7SR_IVYCREEP_D02.MDX
    WORLD/EXPANSION06/DOODADS/TAUREN/7TR_TAUREN_WALLHANGING02.MDX
      ↳ Chain: Unknown: TAURENTALLHUT.WMO → M2: 7TR_TAUREN_WALLHANGING02.MDX
    WORLD/EXPANSION06/DOODADS/TAUREN/7TR_TAUREN_WALLHANGING03.MDX
      ↳ Chain: Unknown: TAURENTALLHUT.WMO → M2: 7TR_TAUREN_WALLHANGING03.MDX
    WORLD/EXPANSION06/DOODADS/TAUREN/7TR_TAUREN_WALLHANGING_LARGE06.MDX
      ↳ Chain: Unknown: TAURENTALLHUT.WMO → M2: 7TR_TAUREN_WALLHANGING_LARGE06.MDX
    WORLD/GENERIC/ORC/PASSIVE DOODADS/WYVERNROOST/WYVERNROOST_RUINED.MDX
      ↳ Chain: Unknown: ORCBARRACKS.WMO → M2: WYVERNROOST_RUINED.MDX

================================================================================
STEP 1c: Extracting M2 models to export directory
================================================================================

Extracting to: /workspace/project/Zeppelin-Craft/zpaks/hd-buildings/mpq/parsed-assets

  Extracted: 4 M2 model files
  Extracted: 6 M2 skin files
  Total: 11 files
  Skipped (source-asset protected): 18 files

  ⚠️  MISSING M2 MODELS - 13 FILES
  ==============================================================================
    WORLD/EXPANSION04/DOODADS/VALEOFETERNALBLOSSOMS/BUSH/VEB_WATERLILY02.MDX
      ↳ Chain: Unknown: ABBEYGATE01.WMO → M2: VEB_WATERLILY02.MDX
    WORLD/EXPANSION04/DOODADS/VALEOFETERNALBLOSSOMS/BUSH/VEB_WATERLILY06.MDX
      ↳ Chain: Unknown: ABBEYGATE01.WMO → M2: VEB_WATERLILY06.MDX
    WORLD/EXPANSION06/DOODADS/SURAMAR/7SR_IVYCREEP_B01.MDX
      ↳ Chain: Unknown: ABBEYGATE02.WMO → M2: 7SR_IVYCREEP_B01.MDX
    WORLD/EXPANSION06/DOODADS/SURAMAR/7SR_IVYCREEP_B02.MDX
      ↳ Chain: Unknown: ABBEYGATE02.WMO → M2: 7SR_IVYCREEP_B02.MDX
    WORLD/EXPANSION06/DOODADS/SURAMAR/7SR_IVYCREEP_B03.MDX
      ↳ Chain: Unknown: ABBEYGATE02.WMO → M2: 7SR_IVYCREEP_B03.MDX
    WORLD/EXPANSION06/DOODADS/SURAMAR/7SR_IVYCREEP_B04.MDX
      ↳ Chain: Unknown: ABBEYGATE02.WMO → M2: 7SR_IVYCREEP_B04.MDX
    WORLD/EXPANSION06/DOODADS/SURAMAR/7SR_IVYCREEP_B05.MDX
      ↳ Chain: Unknown: ABBEYGATE02.WMO → M2: 7SR_IVYCREEP_B05.MDX
    WORLD/EXPANSION06/DOODADS/SURAMAR/7SR_IVYCREEP_B06.MDX
      ↳ Chain: Unknown: ABBEYGATE02.WMO → M2: 7SR_IVYCREEP_B06.MDX
    WORLD/EXPANSION06/DOODADS/SURAMAR/7SR_IVYCREEP_D02.MDX
      ↳ Chain: Unknown: ABBEYGATE02.WMO → M2: 7SR_IVYCREEP_D02.MDX
    WORLD/EXPANSION06/DOODADS/TAUREN/7TR_TAUREN_WALLHANGING02.MDX
      ↳ Chain: Unknown: TAURENTALLHUT.WMO → M2: 7TR_TAUREN_WALLHANGING02.MDX
    WORLD/EXPANSION06/DOODADS/TAUREN/7TR_TAUREN_WALLHANGING03.MDX
      ↳ Chain: Unknown: TAURENTALLHUT.WMO → M2: 7TR_TAUREN_WALLHANGING03.MDX
    WORLD/EXPANSION06/DOODADS/TAUREN/7TR_TAUREN_WALLHANGING_LARGE06.MDX
      ↳ Chain: Unknown: TAURENTALLHUT.WMO → M2: 7TR_TAUREN_WALLHANGING_LARGE06.MDX
    WORLD/GENERIC/ORC/PASSIVE DOODADS/WYVERNROOST/WYVERNROOST_RUINED.MDX
      ↳ Chain: Unknown: ORCBARRACKS.WMO → M2: WYVERNROOST_RUINED.MDX

================================================================================
PHASE 2: M2 PARSING & TEXTURE EXTRACTION
================================================================================

================================================================================
STEP 12: Parsing M2 models for texture dependencies
================================================================================

Export Directory: /workspace/project/Zeppelin-Craft/zpaks/hd-buildings/mpq/parsed-assets
M2 files found: 646

Parsing M2 files for textures...
  Progress: 500/646 M2 files parsed...

  M2 files parsed: 646
  M2 files with textures: 568
  Unique textures from M2s: 340
  Unique textures from WMOs: 361
  Unique textures from ADTs: 0
  Total texture dependencies: 701

================================================================================
STEP 2a: Filtering stock textures
================================================================================

Total unique textures found from parsing: 701
  Checking against stock WotLK asset registry...

Filtering results:
  ✅ Stock WotLK textures (already in base client): 129
  ⚠️  Custom/modern textures (need to extract): 551

================================================================================
STEP 2b: Searching Asset Library for required textures
================================================================================

Assets Source: /workspace/project/Zeppelin-Tools/Asset Library/GAME ASSETS
  Using cached index: 349,709 available assets

Required textures: 551
  ⚠️  Found 391 of 551 requested textures
  ⚠️  Missing: 160 textures
  + Found 17 additional textures variants via folder scanning
  = 408 total root textures found

Total files found: 408
  (408 root textures)

  ⚠️  MISSING TEXTURES - 160 FILES
  ==============================================================================
    DUNGEONS/TEXTURES/KEKIE6/13065_2144284.BLP
      ↳ Chain: Unknown: NSABBEY.WMO → BLP: 13065_2144284.BLP
    DUNGEONS/TEXTURES/KEKIE6/13065_2144313.BLP
      ↳ Chain: Unknown: NSABBEY.WMO → BLP: 13065_2144313.BLP
    DUNGEONS/TEXTURES/KEKIE6/HOUSE_3802933.BLP
      ↳ Chain: Unknown: NSABBEY.WMO → BLP: HOUSE_3802933.BLP
    DUNGEONS/TEXTURES/KEKIE6/HOUSE_3802934.BLP
      ↳ Chain: Unknown: NSABBEY.WMO → BLP: HOUSE_3802934.BLP
    DUNGEONS/TEXTURES/KEKIE6/STRATHOLME_ROOF.BLP
      ↳ Chain: Unknown: NSABBEY.WMO → BLP: STRATHOLME_ROOF.BLP
    DUNGEONS/TEXTURES/KEKIE6/STRATHOLME_ROOF_BACKSIDE.BLP
      ↳ Chain: Unknown: NSABBEY.WMO → BLP: STRATHOLME_ROOF_BACKSIDE.BLP
    DUNGEONS/TEXTURES/KEKIE6/STRATHOLME_ROOF_MOSSY.BLP
      ↳ Chain: Unknown: NSABBEY.WMO → BLP: STRATHOLME_ROOF_MOSSY.BLP
    DUNGEONS/TEXTURES/KEKIE6/STRATHOLME_ROOF_TOP.BLP
      ↳ Chain: Unknown: NSABBEY.WMO → BLP: STRATHOLME_ROOF_TOP.BLP
    DUNGEONS/TEXTURES/KEKIE6/STRATHOLME_STONETRIM.BLP
      ↳ Chain: Unknown: NSABBEY.WMO → BLP: STRATHOLME_STONETRIM.BLP
    ITEM/OBJECTCOMPONENTS/HEAD/MAIN_HELMET_D.BLP
      ↳ Chain: Unknown: HELM_PLATE_RAIDPALADIN_B_01_DWF.M2 → BLP: MAIN_HELMET_D.BLP
    ITEM/OBJECTCOMPONENTS/SHOULDER/20TH_RAIDDRUID_T2.BLP
      ↳ Chain: Unknown: LSHOULDER_LEATHER_RAIDDRUID_B_01.M2 → BLP: 20TH_RAIDDRUID_T2.BLP
    ITEM/OBJECTCOMPONENTS/SHOULDER/6032760_6076065.BLP
      ↳ Chain: Unknown: LSHOULDER_ROBE_RAIDPRIEST_B_01.M2 → BLP: 6032760_6076065.BLP
    ITEM/OBJECTCOMPONENTS/SHOULDER/DREADNAUGHT_SHOULDERS_E_01.BLP
      ↳ Chain: Unknown: RSHOULDER_PLATE_RAIDWARRIOR_C_01.M2 → BLP: DREADNAUGHT_SHOULDERS_E_01.BLP
    ITEM/OBJECTCOMPONENTS/SHOULDER/MAIN_SHOULDERS_D.BLP
      ↳ Chain: Unknown: LSHOULDER_PLATE_RAIDPALADIN_B_01.M2 → BLP: MAIN_SHOULDERS_D.BLP
    ITEM/OBJECTCOMPONENTS/WEAPON/BLACKHANDSDOOMSAWFXMASK.BLP
      ↳ Chain: Unknown: POLEARM_2H_BLADED_D_03.M2 → BLP: BLACKHANDSDOOMSAWFXMASK.BLP
    ITEM/OBJECTCOMPONENTS/WEAPON/HIGHWARLORDSGREATSWORD_E.BLP
      ↳ Chain: Unknown: SWORD_2H_PVPHORDE_A_01.M2 → BLP: HIGHWARLORDSGREATSWORD_E.BLP
    TEXTURES/11EA_EARTHEN_DOOR04_5336045.BLP
      ↳ Chain: Unknown: MUD_2STORY.WMO → BLP: 11EA_EARTHEN_DOOR04_5336045.BLP
    TEXTURES/11EA_EARTHEN_SHOPDISPLAY01_5371400.BLP
      ↳ Chain: Unknown: MUD_2STORY.WMO → BLP: 11EA_EARTHEN_SHOPDISPLAY01_5371400.BLP
    TEXTURES/6HU_GARRISON_BARN_DIRT.BLP
      ↳ Chain: Unknown: NSABBEY.WMO → BLP: 6HU_GARRISON_BARN_DIRT.BLP
    TEXTURES/6HU_GARRISON_WOODPANELS_END.BLP
      ↳ Chain: Unknown: NSABBEY.WMO → BLP: 6HU_GARRISON_WOODPANELS_END.BLP
    TEXTURES/7AF_PLD_BRICKWALL03.BLP
      ↳ Chain: Unknown: NSABBEY.WMO → BLP: 7AF_PLD_BRICKWALL03.BLP
    TEXTURES/7AF_PLD_PILLARS03.BLP
      ↳ Chain: Unknown: NSABBEY.WMO → BLP: 7AF_PLD_PILLARS03.BLP
    TEXTURES/7AF_PLD_STAIRS01.BLP
      ↳ Chain: Unknown: NSABBEY.WMO → BLP: 7AF_PLD_STAIRS01.BLP
    TEXTURES/7AF_PLD_TRIMS01.BLP
      ↳ Chain: Unknown: NSABBEY.WMO → BLP: 7AF_PLD_TRIMS01.BLP
    TEXTURES/7AF_PLD_TRIMS02.BLP
      ↳ Chain: Unknown: NSABBEY.WMO → BLP: 7AF_PLD_TRIMS02.BLP
    TEXTURES/7AF_PLD_WINDOW.BLP
      ↳ Chain: Unknown: NSABBEY.WMO → BLP: 7AF_PLD_WINDOW.BLP
    TEXTURES/8HU_KULTIRAS_SHIP_STAIRS01.BLP
      ↳ Chain: Unknown: GOLDSHIREBLACKSMITH.WMO → BLP: 8HU_KULTIRAS_SHIP_STAIRS01.BLP
    TEXTURES/8HU_PVP_ARATHIBG_ALLIANCEFENCE_2313282.BLP
      ↳ Chain: Unknown: NSABBEY.WMO → BLP: 8HU_PVP_ARATHIBG_ALLIANCEFENCE_2313282.BLP
    TEXTURES/DF.BLP
      ↳ Chain: Unknown: NSABBEY.WMO → BLP: DF.BLP
    TEXTURES/LT_STRMWND_WALL_06.BLP
      ↳ Chain: Unknown: NSABBEY.WMO → BLP: LT_STRMWND_WALL_06.BLP
    TEXTURES/NA_DWARF_FLOOR01.BLP
      ↳ Chain: Unknown: MUD_2STORY.WMO → BLP: NA_DWARF_FLOOR01.BLP
    TEXTURES/NA_DWARF_STAIRS01.BLP
      ↳ Chain: Unknown: MUD_2STORY.WMO → BLP: NA_DWARF_STAIRS01.BLP
    TEXTURES/NA_DWARF_TRIM03_DARK.BLP
      ↳ Chain: Unknown: MUD_2STORY.WMO → BLP: NA_DWARF_TRIM03_DARK.BLP
    TEXTURES/NA_DWARF_TRIM05_DARK.BLP
      ↳ Chain: Unknown: MUD_HOVEL.WMO → BLP: NA_DWARF_TRIM05_DARK.BLP
    TEXTURES/NA_DWARF_TRIM1.BLP
      ↳ Chain: Unknown: MUD_2STORY.WMO → BLP: NA_DWARF_TRIM1.BLP
    TEXTURES/NA_DWARF_TRIM1_DARK.BLP
      ↳ Chain: Unknown: MUD_2STORY.WMO → BLP: NA_DWARF_TRIM1_DARK.BLP
    TEXTURES/NA_DWARF_TRIM2.BLP
      ↳ Chain: Unknown: MUD_2STORY.WMO → BLP: NA_DWARF_TRIM2.BLP
    TEXTURES/NA_DWARF_TRIM2_DARK.BLP
      ↳ Chain: Unknown: MUD_2STORY.WMO → BLP: NA_DWARF_TRIM2_DARK.BLP
    TEXTURES/NA_DWARF_TRIM3.BLP
      ↳ Chain: Unknown: MUD_2STORY.WMO → BLP: NA_DWARF_TRIM3.BLP
    TEXTURES/NA_DWARF_TRIM4.BLP
      ↳ Chain: Unknown: MUD_2STORY.WMO → BLP: NA_DWARF_TRIM4.BLP
    TEXTURES/NA_DWARF_WALL01.BLP
      ↳ Chain: Unknown: MUD_2STORY.WMO → BLP: NA_DWARF_WALL01.BLP
    TEXTURES/NA_DWARF_WALL01CORNER.BLP
      ↳ Chain: Unknown: MUD_HOVEL.WMO → BLP: NA_DWARF_WALL01CORNER.BLP
    TEXTURES/NA_DWARF_WALL02.BLP
      ↳ Chain: Unknown: MUD_2STORY.WMO → BLP: NA_DWARF_WALL02.BLP
    TEXTURES/NA_DWARF_WINDOWS01.BLP
      ↳ Chain: Unknown: MUD_2STORY.WMO → BLP: NA_DWARF_WINDOWS01.BLP
    TEXTURES/NORTHAERON_DIRT01.BLP
      ↳ Chain: Unknown: NSABBEY.WMO → BLP: NORTHAERON_DIRT01.BLP
    TEXTURES/NSABBEYDOOR01.BLP
      ↳ Chain: Unknown: NSABBEY.WMO → BLP: NSABBEYDOOR01.BLP
    TEXTURES/RESTORED-IMAGE.BLP
      ↳ Chain: Unknown: NSABBEY.WMO → BLP: RESTORED-IMAGE.BLP
    TEXTURES/ROUND_WINDOW.BLP
      ↳ Chain: Unknown: NSABBEY.WMO → BLP: ROUND_WINDOW.BLP
    TEXTURES/STRATHOLME_BRASS_POST.BLP
      ↳ Chain: Unknown: NSABBEY.WMO → BLP: STRATHOLME_BRASS_POST.BLP
    TEXTURES/STRATHOLME_FENCE.BLP
      ↳ Chain: Unknown: NSABBEY.WMO → BLP: STRATHOLME_FENCE.BLP
    TEXTURES/STRATHOLME_ROOF_3.BLP
      ↳ Chain: Unknown: NSABBEY.WMO → BLP: STRATHOLME_ROOF_3.BLP
    TEXTURES/STRATHOLME_WALLCOVE.BLP
      ↳ Chain: Unknown: NSABBEY.WMO → BLP: STRATHOLME_WALLCOVE.BLP
    TEXTURES/STRATHOLME_WALLCOVE2.BLP
      ↳ Chain: Unknown: NSABBEY.WMO → BLP: STRATHOLME_WALLCOVE2.BLP
    TEXTURES/STRATHOLME_WALLCOVE3.BLP
      ↳ Chain: Unknown: NSABBEY.WMO → BLP: STRATHOLME_WALLCOVE3.BLP
    TEXTURES/UTHERSHRINE_SILVERDETAILS.BLP
      ↳ Chain: Unknown: NSABBEY.WMO → BLP: UTHERSHRINE_SILVERDETAILS.BLP
    TEXTURES/UTHERSHRINE_STAINEDGLASSEXTERIOR_DIFFUSE.BLP
      ↳ Chain: Unknown: NSABBEY.WMO → BLP: UTHERSHRINE_STAINEDGLASSEXTERIOR_DIFFUSE.BLP
    TEXTURES/UTHERSHRINE_STAINEDGLASSSYMBOLEXTERIOR_DIFFUSE.BLP
      ↳ Chain: Unknown: NSABBEY.WMO → BLP: UTHERSHRINE_STAINEDGLASSSYMBOLEXTERIOR_DIFFUSE.BLP
    TEXTURES/UTHERTOMB_METAL_POST.BLP
      ↳ Chain: Unknown: NSABBEY.WMO → BLP: UTHERTOMB_METAL_POST.BLP
    TEXTURES/UTHERTOMB_STAIRS.BLP
      ↳ Chain: Unknown: NSABBEY.WMO → BLP: UTHERTOMB_STAIRS.BLP
    TEXTURES/UTHERTOMB_STONETRIM01.BLP
      ↳ Chain: Unknown: NSABBEY.WMO → BLP: UTHERTOMB_STONETRIM01.BLP
    WORLD/ENVIRONMENT/DOODAD/6.0/ASHRAND/ROCKS/TEXTURES/6AR_WMOCLADDING02.BLPWORLD/ENVIRONMENT/DOODAD/6.0/ASHRAND/ROCKS/TEXTURES/6AR_WMOCLADDING02.BLP
      ↳ Chain: Unknown: DUROTARCLIFFROCK02.M2 → BLP: 6AR_WMOCLADDING02.BLP
    WORLD/EXPANSION09/DOODADS/CENTAUR/10CT_CENTAUR_BANNER01_DESTROYED01_4520417.BLP
      ↳ Chain: Unknown: BANNERCENTAUR04.M2 → BLP: 10CT_CENTAUR_BANNER01_DESTROYED01_4520417.BLP
    WORLD/EXPANSION09/DOODADS/CENTAUR/10CT_CENTAUR_BANNER04_DESTROYED01_4519194.BLP
      ↳ Chain: Unknown: BANNERCENTAUR04.M2 → BLP: 10CT_CENTAUR_BANNER04_DESTROYED01_4519194.BLP
    WORLD/EXPANSION09/DOODADS/CENTAUR/10CT_CENTAUR_CART04_FULL01_4421732.BLP
      ↳ Chain: Unknown: BANNERCENTAUR01.M2 → BLP: 10CT_CENTAUR_CART04_FULL01_4421732.BLP
    WORLD/EXPANSION09/DOODADS/CENTAUR/10CT_CENTAUR_SPEAR05_4530886.BLP
      ↳ Chain: Unknown: CENTAURSPEARS01.M2 → BLP: 10CT_CENTAUR_SPEAR05_4530886.BLP
    WORLD/EXPANSION09/DOODADS/CENTAUR/10CT_CENTAUR_SPEAR06_DESTROYED01_4505170.BLP
      ↳ Chain: Unknown: BANNERCENTAUR04.M2 → BLP: 10CT_CENTAUR_SPEAR06_DESTROYED01_4505170.BLP
    WORLD/EXPANSION09/DOODADS/CENTAUR/10CT_CENTAUR_SPIKEWALL04_4479445.BLP
      ↳ Chain: Unknown: CENTAURTENT03.WMO → BLP: 10CT_CENTAUR_SPIKEWALL04_4479445.BLP
    WORLD/EXPANSION09/DOODADS/CENTAUR/10CT_CENTAUR_TOTEMPOLE12_4498233.BLP
      ↳ Chain: Unknown: CENTAURSPEARS01.M2 → BLP: 10CT_CENTAUR_TOTEMPOLE12_4498233.BLP
    WORLD/EXPANSION09/DOODADS/GNOLL/10GL_GNOLL_CAMPFIRE_CAMPFIRE_FIRE01.BLP
      ↳ Chain: Unknown: LOCHLAMPPOST.M2 → BLP: 10GL_GNOLL_CAMPFIRE_CAMPFIRE_FIRE01.BLP
    WORLD/EXPANSION10/DOODADS/EARTHEN/11EA_EARTHEN_STONELIGHT01_5062304.BLP
      ↳ Chain: Unknown: LOCHLAMPPOST.M2 → BLP: 11EA_EARTHEN_STONELIGHT01_5062304.BLP
    WORLD/GENERIC/HUMAN/PASSIVE DOODADS/OUTPOSTS/6OC_WARSONG_METALTRIM01.BLP
      ↳ Chain: Unknown: GENERALOUTPOST07.M2 → BLP: 6OC_WARSONG_METALTRIM01.BLP
    WORLD/GENERIC/HUMAN/PASSIVE DOODADS/OUTPOSTS/6OR_GARRISON_BLACKIRON.BLP
      ↳ Chain: Unknown: GENERALOUTPOST07.M2 → BLP: 6OR_GARRISON_BLACKIRON.BLP
    WORLD/GENERIC/HUMAN/PASSIVE DOODADS/OUTPOSTS/6OR_GARRISON_SPIKES.BLP
      ↳ Chain: Unknown: GENERALOUTPOST01.M2 → BLP: 6OR_GARRISON_SPIKES.BLP
    WORLD/GENERIC/HUMAN/PASSIVE DOODADS/OUTPOSTS/6OR_GARRISON_WOODFENCE4.BLP
      ↳ Chain: Unknown: GENERALOUTPOST07.M2 → BLP: 6OR_GARRISON_WOODFENCE4.BLP
    WORLD/GENERIC/HUMAN/PASSIVE DOODADS/OUTPOSTS/6OR_GARRISON_WOODPOST.BLP
      ↳ Chain: Unknown: GENERALOUTPOST07.M2 → BLP: 6OR_GARRISON_WOODPOST.BLP
    WORLD/GENERIC/HUMAN/PASSIVE DOODADS/OUTPOSTS/6OR_GARRISON_WOODPOSTDARK.BLP
      ↳ Chain: Unknown: GENERALOUTPOST07.M2 → BLP: 6OR_GARRISON_WOODPOSTDARK.BLP
    WORLD/GENERIC/HUMAN/PASSIVE DOODADS/OUTPOSTS/6OR_WARSONG_PILLARS.BLP
      ↳ Chain: Unknown: GENERALOUTPOST07.M2 → BLP: 6OR_WARSONG_PILLARS.BLP
    WORLD/GENERIC/HUMAN/PASSIVE DOODADS/OUTPOSTS/8OR_PVP_WARSONGBG_GARRISON_SPIKES01_BRIGHT.BLP
      ↳ Chain: Unknown: GENERALOUTPOST05.M2 → BLP: 8OR_PVP_WARSONGBG_GARRISON_SPIKES01_BRIGHT.BLP
    WORLD/GENERIC/HUMAN/PASSIVE DOODADS/OUTPOSTS/REFUGE_TRIMS.BLP
      ↳ Chain: Unknown: GENERALOUTPOST07.M2 → BLP: REFUGE_TRIMS.BLP
    WORLD/WMO/EXPANSION08/HUMAN/9HU_HUMAN_BARN01_3567014.BLP
      ↳ Chain: Unknown: GOLDSHIREINN.WMO → BLP: 9HU_HUMAN_BARN01_3567014.BLP
    WORLD/WMO/EXPANSION08/HUMAN/9HU_HUMAN_BARN01_3567016.BLP
      ↳ Chain: Unknown: GOLDSHIREBLACKSMITH.WMO → BLP: 9HU_HUMAN_BARN01_3567016.BLP
    WORLD/WMO/EXPANSION08/HUMAN/9HU_HUMAN_BARN01_3567017.BLP
      ↳ Chain: Unknown: GOLDSHIREBLACKSMITH.WMO → BLP: 9HU_HUMAN_BARN01_3567017.BLP
    WORLD/WMO/EXPANSION08/HUMAN/9HU_HUMAN_BARN01_3567019.BLP
      ↳ Chain: Unknown: GOLDSHIREINN.WMO → BLP: 9HU_HUMAN_BARN01_3567019.BLP
    WORLD/WMO/EXPANSION08/HUMAN/9HU_HUMAN_BARN01_3567021.BLP
      ↳ Chain: Unknown: GOLDSHIREINN.WMO → BLP: 9HU_HUMAN_BARN01_3567021.BLP
    WORLD/WMO/EXPANSION08/HUMAN/9HU_HUMAN_BARN01_3567023.BLP
      ↳ Chain: Unknown: GOLDSHIREINN.WMO → BLP: 9HU_HUMAN_BARN01_3567023.BLP
    WORLD/WMO/EXPANSION08/HUMAN/9HU_HUMAN_BARN01_3567025.BLP
      ↳ Chain: Unknown: GOLDSHIREBLACKSMITH.WMO → BLP: 9HU_HUMAN_BARN01_3567025.BLP
    WORLD/WMO/EXPANSION08/HUMAN/9HU_HUMAN_BARN01_3567026.BLP
      ↳ Chain: Unknown: GOLDSHIREINN.WMO → BLP: 9HU_HUMAN_BARN01_3567026.BLP
    WORLD/WMO/EXPANSION08/HUMAN/9HU_HUMAN_BARN01_3567028.BLP
      ↳ Chain: Unknown: GOLDSHIREINN.WMO → BLP: 9HU_HUMAN_BARN01_3567028.BLP
    WORLD/WMO/EXPANSION08/HUMAN/9HU_HUMAN_BARN01_3567030.BLP
      ↳ Chain: Unknown: GOLDSHIREINN.WMO → BLP: 9HU_HUMAN_BARN01_3567030.BLP
    WORLD/WMO/EXPANSION08/HUMAN/9HU_HUMAN_BARN01_3609728.BLP
      ↳ Chain: Unknown: GOLDSHIREBLACKSMITH.WMO → BLP: 9HU_HUMAN_BARN01_3609728.BLP
    WORLD/WMO/EXPANSION08/HUMAN/9HU_HUMAN_FARM01_3567593.BLP
      ↳ Chain: Unknown: GOLDSHIREINN.WMO → BLP: 9HU_HUMAN_FARM01_3567593.BLP
    WORLD/WMO/EXPANSION08/HUMAN/9HU_HUMAN_FARM01_3567594.BLP
      ↳ Chain: Unknown: GOLDSHIREINN.WMO → BLP: 9HU_HUMAN_FARM01_3567594.BLP
    WORLD/WMO/EXPANSION08/HUMAN/9HU_HUMAN_FARM01_3567597.BLP
      ↳ Chain: Unknown: GOLDSHIREINN.WMO → BLP: 9HU_HUMAN_FARM01_3567597.BLP
    WORLD/WMO/EXPANSION08/HUMAN/9HU_HUMAN_FARM01_3567598.BLP
      ↳ Chain: Unknown: GOLDSHIREINN.WMO → BLP: 9HU_HUMAN_FARM01_3567598.BLP
    WORLD/WMO/EXPANSION08/HUMAN/9HU_HUMAN_FARM01_3567601.BLP
      ↳ Chain: Unknown: GOLDSHIREINN.WMO → BLP: 9HU_HUMAN_FARM01_3567601.BLP
    WORLD/WMO/EXPANSION08/HUMAN/9HU_HUMAN_GOLDSHIREINN01_3719118.BLP
      ↳ Chain: Unknown: GOLDSHIREINN.WMO → BLP: 9HU_HUMAN_GOLDSHIREINN01_3719118.BLP
    WORLD/WMO/EXPANSION08/HUMAN/9HU_HUMAN_GOLDSHIREINN01_3719120.BLP
      ↳ Chain: Unknown: GOLDSHIREINN.WMO → BLP: 9HU_HUMAN_GOLDSHIREINN01_3719120.BLP
    WORLD/WMO/EXPANSION08/HUMAN/9HU_HUMAN_GOLDSHIREINN01_3719121.BLP
      ↳ Chain: Unknown: GOLDSHIREINN.WMO → BLP: 9HU_HUMAN_GOLDSHIREINN01_3719121.BLP
    WORLD/WMO/EXPANSION08/HUMAN/9HU_HUMAN_GOLDSHIREINN01_3719123.BLP
      ↳ Chain: Unknown: GOLDSHIREINN.WMO → BLP: 9HU_HUMAN_GOLDSHIREINN01_3719123.BLP
    WORLD/WMO/EXPANSION08/HUMAN/9HU_HUMAN_GOLDSHIREINN01_3719125.BLP
      ↳ Chain: Unknown: GOLDSHIREINN.WMO → BLP: 9HU_HUMAN_GOLDSHIREINN01_3719125.BLP
    WORLD/WMO/EXPANSION08/HUMAN/9HU_HUMAN_GOLDSHIREINN01_3719128.BLP
      ↳ Chain: Unknown: GOLDSHIREINN.WMO → BLP: 9HU_HUMAN_GOLDSHIREINN01_3719128.BLP
    WORLD/WMO/EXPANSION08/HUMAN/9HU_HUMAN_GOLDSHIREINN01_3719130.BLP
      ↳ Chain: Unknown: GOLDSHIREINN.WMO → BLP: 9HU_HUMAN_GOLDSHIREINN01_3719130.BLP
    WORLD/WMO/EXPANSION08/HUMAN/9HU_HUMAN_GOLDSHIREINN01_3719132.BLP
      ↳ Chain: Unknown: GOLDSHIREINN.WMO → BLP: 9HU_HUMAN_GOLDSHIREINN01_3719132.BLP
    WORLD/WMO/EXPANSION08/HUMAN/9HU_HUMAN_TWOSTORY01_3609725.BLP
      ↳ Chain: Unknown: GOLDSHIREINN.WMO → BLP: 9HU_HUMAN_TWOSTORY01_3609725.BLP
    WORLD/WMO/EXPANSION08/HUMAN/9HU_HUMAN_TWOSTORY01_3609730.BLP
      ↳ Chain: Unknown: GOLDSHIREINN.WMO → BLP: 9HU_HUMAN_TWOSTORY01_3609730.BLP
    WORLD/WMO/EXPANSION09/CENTAUR/10CT_CENTAUR_HUT01_3997706.BLP
      ↳ Chain: Unknown: CENTAURTENT03.WMO → BLP: 10CT_CENTAUR_HUT01_3997706.BLP
    WORLD/WMO/EXPANSION09/CENTAUR/10CT_CENTAUR_HUT01_3997707.BLP
      ↳ Chain: Unknown: CENTAURTENTCOMMAND.WMO → BLP: 10CT_CENTAUR_HUT01_3997707.BLP
    WORLD/WMO/EXPANSION09/CENTAUR/10CT_CENTAUR_HUT01_3997710.BLP
      ↳ Chain: Unknown: CENTAURTENT03.WMO → BLP: 10CT_CENTAUR_HUT01_3997710.BLP
    WORLD/WMO/EXPANSION09/CENTAUR/10CT_CENTAUR_HUT01_4005632.BLP
      ↳ Chain: Unknown: CENTAURTENT03.WMO → BLP: 10CT_CENTAUR_HUT01_4005632.BLP
    WORLD/WMO/EXPANSION09/CENTAUR/10CT_CENTAUR_HUT01_4005633.BLP
      ↳ Chain: Unknown: CENTAURTENT03.WMO → BLP: 10CT_CENTAUR_HUT01_4005633.BLP
    WORLD/WMO/EXPANSION09/CENTAUR/10CT_CENTAUR_HUT01_4005637.BLP
      ↳ Chain: Unknown: CENTAURTENT03.WMO → BLP: 10CT_CENTAUR_HUT01_4005637.BLP
    WORLD/WMO/EXPANSION09/CENTAUR/10CT_CENTAUR_HUT01_4005646.BLP
      ↳ Chain: Unknown: CENTAURTENT03.WMO → BLP: 10CT_CENTAUR_HUT01_4005646.BLP
    WORLD/WMO/EXPANSION09/CENTAUR/10CT_CENTAUR_HUT01_4005647.BLP
      ↳ Chain: Unknown: CENTAURTENT03.WMO → BLP: 10CT_CENTAUR_HUT01_4005647.BLP
    WORLD/WMO/EXPANSION09/CENTAUR/10CT_CENTAUR_HUT01_4005649.BLP
      ↳ Chain: Unknown: CENTAURTENT03.WMO → BLP: 10CT_CENTAUR_HUT01_4005649.BLP
    WORLD/WMO/EXPANSION09/CENTAUR/10CT_CENTAUR_HUT01_4017388.BLP
      ↳ Chain: Unknown: CENTAURTENT03.WMO → BLP: 10CT_CENTAUR_HUT01_4017388.BLP
    WORLD/WMO/EXPANSION09/CENTAUR/10CT_CENTAUR_HUT01_4033897.BLP
      ↳ Chain: Unknown: CENTAURTENT03.WMO → BLP: 10CT_CENTAUR_HUT01_4033897.BLP
    WORLD/WMO/EXPANSION09/CENTAUR/10CT_CENTAUR_HUT01_4033898.BLP
      ↳ Chain: Unknown: CENTAURTENT03.WMO → BLP: 10CT_CENTAUR_HUT01_4033898.BLP
    WORLD/WMO/EXPANSION09/CENTAUR/10CT_CENTAUR_HUT01_4033899.BLP
      ↳ Chain: Unknown: CENTAURTENT03.WMO → BLP: 10CT_CENTAUR_HUT01_4033899.BLP
    WORLD/WMO/EXPANSION09/CENTAUR/10CT_CENTAUR_HUT01_4035544.BLP
      ↳ Chain: Unknown: CENTAURTENT02.WMO → BLP: 10CT_CENTAUR_HUT01_4035544.BLP
    WORLD/WMO/EXPANSION09/CENTAUR/10CT_CENTAUR_HUT02_3997708.BLP
      ↳ Chain: Unknown: CENTAURTENT03.WMO → BLP: 10CT_CENTAUR_HUT02_3997708.BLP
    WORLD/WMO/EXPANSION09/CENTAUR/10CT_CENTAUR_HUT02_3997714.BLP
      ↳ Chain: Unknown: CENTAURTENT03.WMO → BLP: 10CT_CENTAUR_HUT02_3997714.BLP
    WORLD/WMO/EXPANSION09/CENTAUR/10CT_CENTAUR_HUT02_3997715.BLP
      ↳ Chain: Unknown: CENTAURTENT03.WMO → BLP: 10CT_CENTAUR_HUT02_3997715.BLP
    WORLD/WMO/EXPANSION09/CENTAUR/10CT_CENTAUR_HUT02_4005634.BLP
      ↳ Chain: Unknown: CENTAURTENT03.WMO → BLP: 10CT_CENTAUR_HUT02_4005634.BLP
    WORLD/WMO/EXPANSION09/CENTAUR/10CT_CENTAUR_HUT02_4005640.BLP
      ↳ Chain: Unknown: CENTAURTENT02.WMO → BLP: 10CT_CENTAUR_HUT02_4005640.BLP
    WORLD/WMO/EXPANSION09/CENTAUR/10CT_CENTAUR_HUT02_4005641.BLP
      ↳ Chain: Unknown: CENTAURTENT03.WMO → BLP: 10CT_CENTAUR_HUT02_4005641.BLP
    WORLD/WMO/EXPANSION09/CENTAUR/10CT_CENTAUR_HUT02_4005648.BLP
      ↳ Chain: Unknown: CENTAURTENTCOMMAND.WMO → BLP: 10CT_CENTAUR_HUT02_4005648.BLP
    WORLD/WMO/EXPANSION09/CENTAUR/10CT_CENTAUR_HUT03_4017389.BLP
      ↳ Chain: Unknown: CENTAURTENT03.WMO → BLP: 10CT_CENTAUR_HUT03_4017389.BLP
    WORLD/WMO/EXPANSION09/CENTAUR/10CT_CENTAUR_HUT03_4039232.BLP
      ↳ Chain: Unknown: CENTAURTENT03.WMO → BLP: 10CT_CENTAUR_HUT03_4039232.BLP
    WORLD/WMO/EXPANSION09/CENTAUR/10CT_CENTAUR_HUTCOMMAND01_4065382.BLP
      ↳ Chain: Unknown: CENTAURTENTCOMMAND.WMO → BLP: 10CT_CENTAUR_HUTCOMMAND01_4065382.BLP
    WORLD/WMO/EXPANSION10/TRANSPORTS/11XP_GOBLIN_ZEPPELIN01_4885795.BLP
      ↳ Chain: Unknown: TRANSPORT_ZEPPELIN.WMO → BLP: 11XP_GOBLIN_ZEPPELIN01_4885795.BLP
    WORLD/WMO/EXPANSION10/TRANSPORTS/11XP_GOBLIN_ZEPPELIN01_4885797.BLP
      ↳ Chain: Unknown: TRANSPORT_ZEPPELIN.WMO → BLP: 11XP_GOBLIN_ZEPPELIN01_4885797.BLP
    WORLD/WMO/EXPANSION10/TRANSPORTS/11XP_GOBLIN_ZEPPELIN01_4885798.BLP
      ↳ Chain: Unknown: TRANSPORT_ZEPPELIN.WMO → BLP: 11XP_GOBLIN_ZEPPELIN01_4885798.BLP
    WORLD/WMO/EXPANSION10/TRANSPORTS/11XP_GOBLIN_ZEPPELIN01_4885801.BLP
      ↳ Chain: Unknown: TRANSPORT_ZEPPELIN.WMO → BLP: 11XP_GOBLIN_ZEPPELIN01_4885801.BLP
    WORLD/WMO/EXPANSION10/TRANSPORTS/11XP_GOBLIN_ZEPPELIN01_4885803.BLP
      ↳ Chain: Unknown: TRANSPORT_ZEPPELIN.WMO → BLP: 11XP_GOBLIN_ZEPPELIN01_4885803.BLP
    WORLD/WMO/EXPANSION10/TRANSPORTS/11XP_GOBLIN_ZEPPELIN01_4885804.BLP
      ↳ Chain: Unknown: TRANSPORT_ZEPPELIN.WMO → BLP: 11XP_GOBLIN_ZEPPELIN01_4885804.BLP
    WORLD/WMO/EXPANSION10/TRANSPORTS/11XP_GOBLIN_ZEPPELIN01_4885805.BLP
      ↳ Chain: Unknown: TRANSPORT_ZEPPELIN.WMO → BLP: 11XP_GOBLIN_ZEPPELIN01_4885805.BLP
    WORLD/WMO/EXPANSION10/TRANSPORTS/11XP_GOBLIN_ZEPPELIN01_4885810.BLP
      ↳ Chain: Unknown: TRANSPORT_ZEPPELIN.WMO → BLP: 11XP_GOBLIN_ZEPPELIN01_4885810.BLP
    WORLD/WMO/EXPANSION10/TRANSPORTS/11XP_GOBLIN_ZEPPELIN01_4885811.BLP
      ↳ Chain: Unknown: TRANSPORT_ZEPPELIN.WMO → BLP: 11XP_GOBLIN_ZEPPELIN01_4885811.BLP
    WORLD/WMO/EXPANSION10/TRANSPORTS/11XP_GOBLIN_ZEPPELIN01_4885817.BLP
      ↳ Chain: Unknown: TRANSPORT_ZEPPELIN.WMO → BLP: 11XP_GOBLIN_ZEPPELIN01_4885817.BLP
    WORLD/WMO/EXPANSION10/TRANSPORTS/11XP_GOBLIN_ZEPPELIN01_4885818.BLP
      ↳ Chain: Unknown: TRANSPORT_ZEPPELIN.WMO → BLP: 11XP_GOBLIN_ZEPPELIN01_4885818.BLP
    WORLD/WMO/EXPANSION10/TRANSPORTS/11XP_GOBLIN_ZEPPELIN01_4885819.BLP
      ↳ Chain: Unknown: TRANSPORT_ZEPPELIN.WMO → BLP: 11XP_GOBLIN_ZEPPELIN01_4885819.BLP
    WORLD/WMO/EXPANSION10/TRANSPORTS/11XP_GOBLIN_ZEPPELIN01_4885820.BLP
      ↳ Chain: Unknown: TRANSPORT_ZEPPELIN.WMO → BLP: 11XP_GOBLIN_ZEPPELIN01_4885820.BLP
    WORLD/WMO/EXPANSION10/TRANSPORTS/11XP_GOBLIN_ZEPPELIN01_4885821.BLP
      ↳ Chain: Unknown: TRANSPORT_ZEPPELIN.WMO → BLP: 11XP_GOBLIN_ZEPPELIN01_4885821.BLP
    WORLD/WMO/EXPANSION10/TRANSPORTS/11XP_GOBLIN_ZEPPELIN01_4899977.BLP
      ↳ Chain: Unknown: TRANSPORT_ZEPPELIN.WMO → BLP: 11XP_GOBLIN_ZEPPELIN01_4899977.BLP
    WORLD/WMO/EXPANSION10/TRANSPORTS/11XP_GOBLIN_ZEPPELIN01_4899980.BLP
      ↳ Chain: Unknown: TRANSPORT_ZEPPELIN.WMO → BLP: 11XP_GOBLIN_ZEPPELIN01_4899980.BLP
    WORLD/WMO/EXPANSION10/TRANSPORTS/11XP_GOBLIN_ZEPPELIN01_4899981.BLP
      ↳ Chain: Unknown: TRANSPORT_ZEPPELIN.WMO → BLP: 11XP_GOBLIN_ZEPPELIN01_4899981.BLP
    WORLD/WMO/EXPANSION10/TRANSPORTS/11XP_GOBLIN_ZEPPELIN01_4899982.BLP
      ↳ Chain: Unknown: TRANSPORT_ZEPPELIN.WMO → BLP: 11XP_GOBLIN_ZEPPELIN01_4899982.BLP
    WORLD/WMO/EXPANSION10/TRANSPORTS/11XP_GOBLIN_ZEPPELIN01_4899983.BLP
      ↳ Chain: Unknown: TRANSPORT_ZEPPELIN.WMO → BLP: 11XP_GOBLIN_ZEPPELIN01_4899983.BLP
    WORLD/WMO/EXPANSION10/TRANSPORTS/11XP_GOBLIN_ZEPPELIN01_4899984.BLP
      ↳ Chain: Unknown: TRANSPORT_ZEPPELIN.WMO → BLP: 11XP_GOBLIN_ZEPPELIN01_4899984.BLP
    WORLD/WMO/EXPANSION10/TRANSPORTS/11XP_GOBLIN_ZEPPELIN01_4899986.BLP
      ↳ Chain: Unknown: TRANSPORT_ZEPPELIN.WMO → BLP: 11XP_GOBLIN_ZEPPELIN01_4899986.BLP
    WORLD/WMO/EXPANSION10/TRANSPORTS/11XP_GOBLIN_ZEPPELIN01_4899987.BLP
      ↳ Chain: Unknown: TRANSPORT_ZEPPELIN.WMO → BLP: 11XP_GOBLIN_ZEPPELIN01_4899987.BLP
    WORLD/WMO/EXPANSION10/TRANSPORTS/11XP_GOBLIN_ZEPPELIN01_4904308.BLP
      ↳ Chain: Unknown: TRANSPORT_ZEPPELIN.WMO → BLP: 11XP_GOBLIN_ZEPPELIN01_4904308.BLP
    WORLD/WMO/KULTIRAS/HUMAN/8HU_PVP_ARATHIBASINBG_BLACKSMITH01_2144284.BLP
      ↳ Chain: Unknown: GOLDSHIREBLACKSMITH.WMO → BLP: 8HU_PVP_ARATHIBASINBG_BLACKSMITH01_2144284.BLP
    WORLD/WMO/KULTIRAS/HUMAN/8HU_PVP_ARATHIBASINBG_BLACKSMITH01_2144289.BLP
      ↳ Chain: Unknown: GOLDSHIREBLACKSMITH.WMO → BLP: 8HU_PVP_ARATHIBASINBG_BLACKSMITH01_2144289.BLP
    WORLD/WMO/KULTIRAS/HUMAN/8HU_PVP_ARATHIBASINBG_BLACKSMITH01_2144297.BLP
      ↳ Chain: Unknown: GOLDSHIREBLACKSMITH.WMO → BLP: 8HU_PVP_ARATHIBASINBG_BLACKSMITH01_2144297.BLP
    WORLD/WMO/KULTIRAS/HUMAN/8HU_PVP_ARATHIBASINBG_BLACKSMITH01_2144301.BLP
      ↳ Chain: Unknown: GOLDSHIREBLACKSMITH.WMO → BLP: 8HU_PVP_ARATHIBASINBG_BLACKSMITH01_2144301.BLP
    WORLD/WMO/KULTIRAS/HUMAN/8HU_PVP_ARATHIBASINBG_BLACKSMITH01_2144313.BLP
      ↳ Chain: Unknown: GOLDSHIREBLACKSMITH.WMO → BLP: 8HU_PVP_ARATHIBASINBG_BLACKSMITH01_2144313.BLP
    WORLD/WMO/KULTIRAS/HUMAN/8HU_PVP_ARATHIBASINBG_BLACKSMITH01_2144319.BLP
      ↳ Chain: Unknown: GOLDSHIREBLACKSMITH.WMO → BLP: 8HU_PVP_ARATHIBASINBG_BLACKSMITH01_2144319.BLP
    WORLD/WMO/KULTIRAS/HUMAN/8HU_PVP_ARATHIBASINBG_BLACKSMITH01_2144321.BLP
      ↳ Chain: Unknown: GOLDSHIREBLACKSMITH.WMO → BLP: 8HU_PVP_ARATHIBASINBG_BLACKSMITH01_2144321.BLP
    WORLD/WMO/KULTIRAS/HUMAN/8HU_PVP_ARATHIBASINBG_BLACKSMITH01_2144323.BLP
      ↳ Chain: Unknown: GOLDSHIREBLACKSMITH.WMO → BLP: 8HU_PVP_ARATHIBASINBG_BLACKSMITH01_2144323.BLP

================================================================================
STEP 2c: Extracting textures to export directory
================================================================================

Extracting to: /workspace/project/Zeppelin-Craft/zpaks/hd-buildings/mpq/parsed-assets

  Extracted: 16 textures
  Skipped (source-asset protected): 392 files

  ⚠️  MISSING TEXTURES - 160 FILES
  ==============================================================================
    DUNGEONS/TEXTURES/KEKIE6/13065_2144284.BLP
      ↳ Chain: Unknown: NSABBEY.WMO → BLP: 13065_2144284.BLP
    DUNGEONS/TEXTURES/KEKIE6/13065_2144313.BLP
      ↳ Chain: Unknown: NSABBEY.WMO → BLP: 13065_2144313.BLP
    DUNGEONS/TEXTURES/KEKIE6/HOUSE_3802933.BLP
      ↳ Chain: Unknown: NSABBEY.WMO → BLP: HOUSE_3802933.BLP
    DUNGEONS/TEXTURES/KEKIE6/HOUSE_3802934.BLP
      ↳ Chain: Unknown: NSABBEY.WMO → BLP: HOUSE_3802934.BLP
    DUNGEONS/TEXTURES/KEKIE6/STRATHOLME_ROOF.BLP
      ↳ Chain: Unknown: NSABBEY.WMO → BLP: STRATHOLME_ROOF.BLP
    DUNGEONS/TEXTURES/KEKIE6/STRATHOLME_ROOF_BACKSIDE.BLP
      ↳ Chain: Unknown: NSABBEY.WMO → BLP: STRATHOLME_ROOF_BACKSIDE.BLP
    DUNGEONS/TEXTURES/KEKIE6/STRATHOLME_ROOF_MOSSY.BLP
      ↳ Chain: Unknown: NSABBEY.WMO → BLP: STRATHOLME_ROOF_MOSSY.BLP
    DUNGEONS/TEXTURES/KEKIE6/STRATHOLME_ROOF_TOP.BLP
      ↳ Chain: Unknown: NSABBEY.WMO → BLP: STRATHOLME_ROOF_TOP.BLP
    DUNGEONS/TEXTURES/KEKIE6/STRATHOLME_STONETRIM.BLP
      ↳ Chain: Unknown: NSABBEY.WMO → BLP: STRATHOLME_STONETRIM.BLP
    ITEM/OBJECTCOMPONENTS/HEAD/MAIN_HELMET_D.BLP
      ↳ Chain: Unknown: HELM_PLATE_RAIDPALADIN_B_01_DWF.M2 → BLP: MAIN_HELMET_D.BLP
    ITEM/OBJECTCOMPONENTS/SHOULDER/20TH_RAIDDRUID_T2.BLP
      ↳ Chain: Unknown: LSHOULDER_LEATHER_RAIDDRUID_B_01.M2 → BLP: 20TH_RAIDDRUID_T2.BLP
    ITEM/OBJECTCOMPONENTS/SHOULDER/6032760_6076065.BLP
      ↳ Chain: Unknown: LSHOULDER_ROBE_RAIDPRIEST_B_01.M2 → BLP: 6032760_6076065.BLP
    ITEM/OBJECTCOMPONENTS/SHOULDER/DREADNAUGHT_SHOULDERS_E_01.BLP
      ↳ Chain: Unknown: RSHOULDER_PLATE_RAIDWARRIOR_C_01.M2 → BLP: DREADNAUGHT_SHOULDERS_E_01.BLP
    ITEM/OBJECTCOMPONENTS/SHOULDER/MAIN_SHOULDERS_D.BLP
      ↳ Chain: Unknown: LSHOULDER_PLATE_RAIDPALADIN_B_01.M2 → BLP: MAIN_SHOULDERS_D.BLP
    ITEM/OBJECTCOMPONENTS/WEAPON/BLACKHANDSDOOMSAWFXMASK.BLP
      ↳ Chain: Unknown: POLEARM_2H_BLADED_D_03.M2 → BLP: BLACKHANDSDOOMSAWFXMASK.BLP
    ITEM/OBJECTCOMPONENTS/WEAPON/HIGHWARLORDSGREATSWORD_E.BLP
      ↳ Chain: Unknown: SWORD_2H_PVPHORDE_A_01.M2 → BLP: HIGHWARLORDSGREATSWORD_E.BLP
    TEXTURES/11EA_EARTHEN_DOOR04_5336045.BLP
      ↳ Chain: Unknown: MUD_2STORY.WMO → BLP: 11EA_EARTHEN_DOOR04_5336045.BLP
    TEXTURES/11EA_EARTHEN_SHOPDISPLAY01_5371400.BLP
      ↳ Chain: Unknown: MUD_2STORY.WMO → BLP: 11EA_EARTHEN_SHOPDISPLAY01_5371400.BLP
    TEXTURES/6HU_GARRISON_BARN_DIRT.BLP
      ↳ Chain: Unknown: NSABBEY.WMO → BLP: 6HU_GARRISON_BARN_DIRT.BLP
    TEXTURES/6HU_GARRISON_WOODPANELS_END.BLP
      ↳ Chain: Unknown: NSABBEY.WMO → BLP: 6HU_GARRISON_WOODPANELS_END.BLP
    TEXTURES/7AF_PLD_BRICKWALL03.BLP
      ↳ Chain: Unknown: NSABBEY.WMO → BLP: 7AF_PLD_BRICKWALL03.BLP
    TEXTURES/7AF_PLD_PILLARS03.BLP
      ↳ Chain: Unknown: NSABBEY.WMO → BLP: 7AF_PLD_PILLARS03.BLP
    TEXTURES/7AF_PLD_STAIRS01.BLP
      ↳ Chain: Unknown: NSABBEY.WMO → BLP: 7AF_PLD_STAIRS01.BLP
    TEXTURES/7AF_PLD_TRIMS01.BLP
      ↳ Chain: Unknown: NSABBEY.WMO → BLP: 7AF_PLD_TRIMS01.BLP
    TEXTURES/7AF_PLD_TRIMS02.BLP
      ↳ Chain: Unknown: NSABBEY.WMO → BLP: 7AF_PLD_TRIMS02.BLP
    TEXTURES/7AF_PLD_WINDOW.BLP
      ↳ Chain: Unknown: NSABBEY.WMO → BLP: 7AF_PLD_WINDOW.BLP
    TEXTURES/8HU_KULTIRAS_SHIP_STAIRS01.BLP
      ↳ Chain: Unknown: GOLDSHIREBLACKSMITH.WMO → BLP: 8HU_KULTIRAS_SHIP_STAIRS01.BLP
    TEXTURES/8HU_PVP_ARATHIBG_ALLIANCEFENCE_2313282.BLP
      ↳ Chain: Unknown: NSABBEY.WMO → BLP: 8HU_PVP_ARATHIBG_ALLIANCEFENCE_2313282.BLP
    TEXTURES/DF.BLP
      ↳ Chain: Unknown: NSABBEY.WMO → BLP: DF.BLP
    TEXTURES/LT_STRMWND_WALL_06.BLP
      ↳ Chain: Unknown: NSABBEY.WMO → BLP: LT_STRMWND_WALL_06.BLP
    TEXTURES/NA_DWARF_FLOOR01.BLP
      ↳ Chain: Unknown: MUD_2STORY.WMO → BLP: NA_DWARF_FLOOR01.BLP
    TEXTURES/NA_DWARF_STAIRS01.BLP
      ↳ Chain: Unknown: MUD_2STORY.WMO → BLP: NA_DWARF_STAIRS01.BLP
    TEXTURES/NA_DWARF_TRIM03_DARK.BLP
      ↳ Chain: Unknown: MUD_2STORY.WMO → BLP: NA_DWARF_TRIM03_DARK.BLP
    TEXTURES/NA_DWARF_TRIM05_DARK.BLP
      ↳ Chain: Unknown: MUD_HOVEL.WMO → BLP: NA_DWARF_TRIM05_DARK.BLP
    TEXTURES/NA_DWARF_TRIM1.BLP
      ↳ Chain: Unknown: MUD_2STORY.WMO → BLP: NA_DWARF_TRIM1.BLP
    TEXTURES/NA_DWARF_TRIM1_DARK.BLP
      ↳ Chain: Unknown: MUD_2STORY.WMO → BLP: NA_DWARF_TRIM1_DARK.BLP
    TEXTURES/NA_DWARF_TRIM2.BLP
      ↳ Chain: Unknown: MUD_2STORY.WMO → BLP: NA_DWARF_TRIM2.BLP
    TEXTURES/NA_DWARF_TRIM2_DARK.BLP
      ↳ Chain: Unknown: MUD_2STORY.WMO → BLP: NA_DWARF_TRIM2_DARK.BLP
    TEXTURES/NA_DWARF_TRIM3.BLP
      ↳ Chain: Unknown: MUD_2STORY.WMO → BLP: NA_DWARF_TRIM3.BLP
    TEXTURES/NA_DWARF_TRIM4.BLP
      ↳ Chain: Unknown: MUD_2STORY.WMO → BLP: NA_DWARF_TRIM4.BLP
    TEXTURES/NA_DWARF_WALL01.BLP
      ↳ Chain: Unknown: MUD_2STORY.WMO → BLP: NA_DWARF_WALL01.BLP
    TEXTURES/NA_DWARF_WALL01CORNER.BLP
      ↳ Chain: Unknown: MUD_HOVEL.WMO → BLP: NA_DWARF_WALL01CORNER.BLP
    TEXTURES/NA_DWARF_WALL02.BLP
      ↳ Chain: Unknown: MUD_2STORY.WMO → BLP: NA_DWARF_WALL02.BLP
    TEXTURES/NA_DWARF_WINDOWS01.BLP
      ↳ Chain: Unknown: MUD_2STORY.WMO → BLP: NA_DWARF_WINDOWS01.BLP
    TEXTURES/NORTHAERON_DIRT01.BLP
      ↳ Chain: Unknown: NSABBEY.WMO → BLP: NORTHAERON_DIRT01.BLP
    TEXTURES/NSABBEYDOOR01.BLP
      ↳ Chain: Unknown: NSABBEY.WMO → BLP: NSABBEYDOOR01.BLP
    TEXTURES/RESTORED-IMAGE.BLP
      ↳ Chain: Unknown: NSABBEY.WMO → BLP: RESTORED-IMAGE.BLP
    TEXTURES/ROUND_WINDOW.BLP
      ↳ Chain: Unknown: NSABBEY.WMO → BLP: ROUND_WINDOW.BLP
    TEXTURES/STRATHOLME_BRASS_POST.BLP
      ↳ Chain: Unknown: NSABBEY.WMO → BLP: STRATHOLME_BRASS_POST.BLP
    TEXTURES/STRATHOLME_FENCE.BLP
      ↳ Chain: Unknown: NSABBEY.WMO → BLP: STRATHOLME_FENCE.BLP
    TEXTURES/STRATHOLME_ROOF_3.BLP
      ↳ Chain: Unknown: NSABBEY.WMO → BLP: STRATHOLME_ROOF_3.BLP
    TEXTURES/STRATHOLME_WALLCOVE.BLP
      ↳ Chain: Unknown: NSABBEY.WMO → BLP: STRATHOLME_WALLCOVE.BLP
    TEXTURES/STRATHOLME_WALLCOVE2.BLP
      ↳ Chain: Unknown: NSABBEY.WMO → BLP: STRATHOLME_WALLCOVE2.BLP
    TEXTURES/STRATHOLME_WALLCOVE3.BLP
      ↳ Chain: Unknown: NSABBEY.WMO → BLP: STRATHOLME_WALLCOVE3.BLP
    TEXTURES/UTHERSHRINE_SILVERDETAILS.BLP
      ↳ Chain: Unknown: NSABBEY.WMO → BLP: UTHERSHRINE_SILVERDETAILS.BLP
    TEXTURES/UTHERSHRINE_STAINEDGLASSEXTERIOR_DIFFUSE.BLP
      ↳ Chain: Unknown: NSABBEY.WMO → BLP: UTHERSHRINE_STAINEDGLASSEXTERIOR_DIFFUSE.BLP
    TEXTURES/UTHERSHRINE_STAINEDGLASSSYMBOLEXTERIOR_DIFFUSE.BLP
      ↳ Chain: Unknown: NSABBEY.WMO → BLP: UTHERSHRINE_STAINEDGLASSSYMBOLEXTERIOR_DIFFUSE.BLP
    TEXTURES/UTHERTOMB_METAL_POST.BLP
      ↳ Chain: Unknown: NSABBEY.WMO → BLP: UTHERTOMB_METAL_POST.BLP
    TEXTURES/UTHERTOMB_STAIRS.BLP
      ↳ Chain: Unknown: NSABBEY.WMO → BLP: UTHERTOMB_STAIRS.BLP
    TEXTURES/UTHERTOMB_STONETRIM01.BLP
      ↳ Chain: Unknown: NSABBEY.WMO → BLP: UTHERTOMB_STONETRIM01.BLP
    WORLD/ENVIRONMENT/DOODAD/6.0/ASHRAND/ROCKS/TEXTURES/6AR_WMOCLADDING02.BLPWORLD/ENVIRONMENT/DOODAD/6.0/ASHRAND/ROCKS/TEXTURES/6AR_WMOCLADDING02.BLP
      ↳ Chain: Unknown: DUROTARCLIFFROCK02.M2 → BLP: 6AR_WMOCLADDING02.BLP
    WORLD/EXPANSION09/DOODADS/CENTAUR/10CT_CENTAUR_BANNER01_DESTROYED01_4520417.BLP
      ↳ Chain: Unknown: BANNERCENTAUR04.M2 → BLP: 10CT_CENTAUR_BANNER01_DESTROYED01_4520417.BLP
    WORLD/EXPANSION09/DOODADS/CENTAUR/10CT_CENTAUR_BANNER04_DESTROYED01_4519194.BLP
      ↳ Chain: Unknown: BANNERCENTAUR04.M2 → BLP: 10CT_CENTAUR_BANNER04_DESTROYED01_4519194.BLP
    WORLD/EXPANSION09/DOODADS/CENTAUR/10CT_CENTAUR_CART04_FULL01_4421732.BLP
      ↳ Chain: Unknown: BANNERCENTAUR01.M2 → BLP: 10CT_CENTAUR_CART04_FULL01_4421732.BLP
    WORLD/EXPANSION09/DOODADS/CENTAUR/10CT_CENTAUR_SPEAR05_4530886.BLP
      ↳ Chain: Unknown: CENTAURSPEARS01.M2 → BLP: 10CT_CENTAUR_SPEAR05_4530886.BLP
    WORLD/EXPANSION09/DOODADS/CENTAUR/10CT_CENTAUR_SPEAR06_DESTROYED01_4505170.BLP
      ↳ Chain: Unknown: BANNERCENTAUR04.M2 → BLP: 10CT_CENTAUR_SPEAR06_DESTROYED01_4505170.BLP
    WORLD/EXPANSION09/DOODADS/CENTAUR/10CT_CENTAUR_SPIKEWALL04_4479445.BLP
      ↳ Chain: Unknown: CENTAURTENT03.WMO → BLP: 10CT_CENTAUR_SPIKEWALL04_4479445.BLP
    WORLD/EXPANSION09/DOODADS/CENTAUR/10CT_CENTAUR_TOTEMPOLE12_4498233.BLP
      ↳ Chain: Unknown: CENTAURSPEARS01.M2 → BLP: 10CT_CENTAUR_TOTEMPOLE12_4498233.BLP
    WORLD/EXPANSION09/DOODADS/GNOLL/10GL_GNOLL_CAMPFIRE_CAMPFIRE_FIRE01.BLP
      ↳ Chain: Unknown: LOCHLAMPPOST.M2 → BLP: 10GL_GNOLL_CAMPFIRE_CAMPFIRE_FIRE01.BLP
    WORLD/EXPANSION10/DOODADS/EARTHEN/11EA_EARTHEN_STONELIGHT01_5062304.BLP
      ↳ Chain: Unknown: LOCHLAMPPOST.M2 → BLP: 11EA_EARTHEN_STONELIGHT01_5062304.BLP
    WORLD/GENERIC/HUMAN/PASSIVE DOODADS/OUTPOSTS/6OC_WARSONG_METALTRIM01.BLP
      ↳ Chain: Unknown: GENERALOUTPOST07.M2 → BLP: 6OC_WARSONG_METALTRIM01.BLP
    WORLD/GENERIC/HUMAN/PASSIVE DOODADS/OUTPOSTS/6OR_GARRISON_BLACKIRON.BLP
      ↳ Chain: Unknown: GENERALOUTPOST07.M2 → BLP: 6OR_GARRISON_BLACKIRON.BLP
    WORLD/GENERIC/HUMAN/PASSIVE DOODADS/OUTPOSTS/6OR_GARRISON_SPIKES.BLP
      ↳ Chain: Unknown: GENERALOUTPOST01.M2 → BLP: 6OR_GARRISON_SPIKES.BLP
    WORLD/GENERIC/HUMAN/PASSIVE DOODADS/OUTPOSTS/6OR_GARRISON_WOODFENCE4.BLP
      ↳ Chain: Unknown: GENERALOUTPOST07.M2 → BLP: 6OR_GARRISON_WOODFENCE4.BLP
    WORLD/GENERIC/HUMAN/PASSIVE DOODADS/OUTPOSTS/6OR_GARRISON_WOODPOST.BLP
      ↳ Chain: Unknown: GENERALOUTPOST07.M2 → BLP: 6OR_GARRISON_WOODPOST.BLP
    WORLD/GENERIC/HUMAN/PASSIVE DOODADS/OUTPOSTS/6OR_GARRISON_WOODPOSTDARK.BLP
      ↳ Chain: Unknown: GENERALOUTPOST07.M2 → BLP: 6OR_GARRISON_WOODPOSTDARK.BLP
    WORLD/GENERIC/HUMAN/PASSIVE DOODADS/OUTPOSTS/6OR_WARSONG_PILLARS.BLP
      ↳ Chain: Unknown: GENERALOUTPOST07.M2 → BLP: 6OR_WARSONG_PILLARS.BLP
    WORLD/GENERIC/HUMAN/PASSIVE DOODADS/OUTPOSTS/8OR_PVP_WARSONGBG_GARRISON_SPIKES01_BRIGHT.BLP
      ↳ Chain: Unknown: GENERALOUTPOST05.M2 → BLP: 8OR_PVP_WARSONGBG_GARRISON_SPIKES01_BRIGHT.BLP
    WORLD/GENERIC/HUMAN/PASSIVE DOODADS/OUTPOSTS/REFUGE_TRIMS.BLP
      ↳ Chain: Unknown: GENERALOUTPOST07.M2 → BLP: REFUGE_TRIMS.BLP
    WORLD/WMO/EXPANSION08/HUMAN/9HU_HUMAN_BARN01_3567014.BLP
      ↳ Chain: Unknown: GOLDSHIREINN.WMO → BLP: 9HU_HUMAN_BARN01_3567014.BLP
    WORLD/WMO/EXPANSION08/HUMAN/9HU_HUMAN_BARN01_3567016.BLP
      ↳ Chain: Unknown: GOLDSHIREBLACKSMITH.WMO → BLP: 9HU_HUMAN_BARN01_3567016.BLP
    WORLD/WMO/EXPANSION08/HUMAN/9HU_HUMAN_BARN01_3567017.BLP
      ↳ Chain: Unknown: GOLDSHIREBLACKSMITH.WMO → BLP: 9HU_HUMAN_BARN01_3567017.BLP
    WORLD/WMO/EXPANSION08/HUMAN/9HU_HUMAN_BARN01_3567019.BLP
      ↳ Chain: Unknown: GOLDSHIREINN.WMO → BLP: 9HU_HUMAN_BARN01_3567019.BLP
    WORLD/WMO/EXPANSION08/HUMAN/9HU_HUMAN_BARN01_3567021.BLP
      ↳ Chain: Unknown: GOLDSHIREINN.WMO → BLP: 9HU_HUMAN_BARN01_3567021.BLP
    WORLD/WMO/EXPANSION08/HUMAN/9HU_HUMAN_BARN01_3567023.BLP
      ↳ Chain: Unknown: GOLDSHIREINN.WMO → BLP: 9HU_HUMAN_BARN01_3567023.BLP
    WORLD/WMO/EXPANSION08/HUMAN/9HU_HUMAN_BARN01_3567025.BLP
      ↳ Chain: Unknown: GOLDSHIREBLACKSMITH.WMO → BLP: 9HU_HUMAN_BARN01_3567025.BLP
    WORLD/WMO/EXPANSION08/HUMAN/9HU_HUMAN_BARN01_3567026.BLP
      ↳ Chain: Unknown: GOLDSHIREINN.WMO → BLP: 9HU_HUMAN_BARN01_3567026.BLP
    WORLD/WMO/EXPANSION08/HUMAN/9HU_HUMAN_BARN01_3567028.BLP
      ↳ Chain: Unknown: GOLDSHIREINN.WMO → BLP: 9HU_HUMAN_BARN01_3567028.BLP
    WORLD/WMO/EXPANSION08/HUMAN/9HU_HUMAN_BARN01_3567030.BLP
      ↳ Chain: Unknown: GOLDSHIREINN.WMO → BLP: 9HU_HUMAN_BARN01_3567030.BLP
    WORLD/WMO/EXPANSION08/HUMAN/9HU_HUMAN_BARN01_3609728.BLP
      ↳ Chain: Unknown: GOLDSHIREBLACKSMITH.WMO → BLP: 9HU_HUMAN_BARN01_3609728.BLP
    WORLD/WMO/EXPANSION08/HUMAN/9HU_HUMAN_FARM01_3567593.BLP
      ↳ Chain: Unknown: GOLDSHIREINN.WMO → BLP: 9HU_HUMAN_FARM01_3567593.BLP
    WORLD/WMO/EXPANSION08/HUMAN/9HU_HUMAN_FARM01_3567594.BLP
      ↳ Chain: Unknown: GOLDSHIREINN.WMO → BLP: 9HU_HUMAN_FARM01_3567594.BLP
    WORLD/WMO/EXPANSION08/HUMAN/9HU_HUMAN_FARM01_3567597.BLP
      ↳ Chain: Unknown: GOLDSHIREINN.WMO → BLP: 9HU_HUMAN_FARM01_3567597.BLP
    WORLD/WMO/EXPANSION08/HUMAN/9HU_HUMAN_FARM01_3567598.BLP
      ↳ Chain: Unknown: GOLDSHIREINN.WMO → BLP: 9HU_HUMAN_FARM01_3567598.BLP
    WORLD/WMO/EXPANSION08/HUMAN/9HU_HUMAN_FARM01_3567601.BLP
      ↳ Chain: Unknown: GOLDSHIREINN.WMO → BLP: 9HU_HUMAN_FARM01_3567601.BLP
    WORLD/WMO/EXPANSION08/HUMAN/9HU_HUMAN_GOLDSHIREINN01_3719118.BLP
      ↳ Chain: Unknown: GOLDSHIREINN.WMO → BLP: 9HU_HUMAN_GOLDSHIREINN01_3719118.BLP
    WORLD/WMO/EXPANSION08/HUMAN/9HU_HUMAN_GOLDSHIREINN01_3719120.BLP
      ↳ Chain: Unknown: GOLDSHIREINN.WMO → BLP: 9HU_HUMAN_GOLDSHIREINN01_3719120.BLP
    WORLD/WMO/EXPANSION08/HUMAN/9HU_HUMAN_GOLDSHIREINN01_3719121.BLP
      ↳ Chain: Unknown: GOLDSHIREINN.WMO → BLP: 9HU_HUMAN_GOLDSHIREINN01_3719121.BLP
    WORLD/WMO/EXPANSION08/HUMAN/9HU_HUMAN_GOLDSHIREINN01_3719123.BLP
      ↳ Chain: Unknown: GOLDSHIREINN.WMO → BLP: 9HU_HUMAN_GOLDSHIREINN01_3719123.BLP
    WORLD/WMO/EXPANSION08/HUMAN/9HU_HUMAN_GOLDSHIREINN01_3719125.BLP
      ↳ Chain: Unknown: GOLDSHIREINN.WMO → BLP: 9HU_HUMAN_GOLDSHIREINN01_3719125.BLP
    WORLD/WMO/EXPANSION08/HUMAN/9HU_HUMAN_GOLDSHIREINN01_3719128.BLP
      ↳ Chain: Unknown: GOLDSHIREINN.WMO → BLP: 9HU_HUMAN_GOLDSHIREINN01_3719128.BLP
    WORLD/WMO/EXPANSION08/HUMAN/9HU_HUMAN_GOLDSHIREINN01_3719130.BLP
      ↳ Chain: Unknown: GOLDSHIREINN.WMO → BLP: 9HU_HUMAN_GOLDSHIREINN01_3719130.BLP
    WORLD/WMO/EXPANSION08/HUMAN/9HU_HUMAN_GOLDSHIREINN01_3719132.BLP
      ↳ Chain: Unknown: GOLDSHIREINN.WMO → BLP: 9HU_HUMAN_GOLDSHIREINN01_3719132.BLP
    WORLD/WMO/EXPANSION08/HUMAN/9HU_HUMAN_TWOSTORY01_3609725.BLP
      ↳ Chain: Unknown: GOLDSHIREINN.WMO → BLP: 9HU_HUMAN_TWOSTORY01_3609725.BLP
    WORLD/WMO/EXPANSION08/HUMAN/9HU_HUMAN_TWOSTORY01_3609730.BLP
      ↳ Chain: Unknown: GOLDSHIREINN.WMO → BLP: 9HU_HUMAN_TWOSTORY01_3609730.BLP
    WORLD/WMO/EXPANSION09/CENTAUR/10CT_CENTAUR_HUT01_3997706.BLP
      ↳ Chain: Unknown: CENTAURTENT03.WMO → BLP: 10CT_CENTAUR_HUT01_3997706.BLP
    WORLD/WMO/EXPANSION09/CENTAUR/10CT_CENTAUR_HUT01_3997707.BLP
      ↳ Chain: Unknown: CENTAURTENTCOMMAND.WMO → BLP: 10CT_CENTAUR_HUT01_3997707.BLP
    WORLD/WMO/EXPANSION09/CENTAUR/10CT_CENTAUR_HUT01_3997710.BLP
      ↳ Chain: Unknown: CENTAURTENT03.WMO → BLP: 10CT_CENTAUR_HUT01_3997710.BLP
    WORLD/WMO/EXPANSION09/CENTAUR/10CT_CENTAUR_HUT01_4005632.BLP
      ↳ Chain: Unknown: CENTAURTENT03.WMO → BLP: 10CT_CENTAUR_HUT01_4005632.BLP
    WORLD/WMO/EXPANSION09/CENTAUR/10CT_CENTAUR_HUT01_4005633.BLP
      ↳ Chain: Unknown: CENTAURTENT03.WMO → BLP: 10CT_CENTAUR_HUT01_4005633.BLP
    WORLD/WMO/EXPANSION09/CENTAUR/10CT_CENTAUR_HUT01_4005637.BLP
      ↳ Chain: Unknown: CENTAURTENT03.WMO → BLP: 10CT_CENTAUR_HUT01_4005637.BLP
    WORLD/WMO/EXPANSION09/CENTAUR/10CT_CENTAUR_HUT01_4005646.BLP
      ↳ Chain: Unknown: CENTAURTENT03.WMO → BLP: 10CT_CENTAUR_HUT01_4005646.BLP
    WORLD/WMO/EXPANSION09/CENTAUR/10CT_CENTAUR_HUT01_4005647.BLP
      ↳ Chain: Unknown: CENTAURTENT03.WMO → BLP: 10CT_CENTAUR_HUT01_4005647.BLP
    WORLD/WMO/EXPANSION09/CENTAUR/10CT_CENTAUR_HUT01_4005649.BLP
      ↳ Chain: Unknown: CENTAURTENT03.WMO → BLP: 10CT_CENTAUR_HUT01_4005649.BLP
    WORLD/WMO/EXPANSION09/CENTAUR/10CT_CENTAUR_HUT01_4017388.BLP
      ↳ Chain: Unknown: CENTAURTENT03.WMO → BLP: 10CT_CENTAUR_HUT01_4017388.BLP
    WORLD/WMO/EXPANSION09/CENTAUR/10CT_CENTAUR_HUT01_4033897.BLP
      ↳ Chain: Unknown: CENTAURTENT03.WMO → BLP: 10CT_CENTAUR_HUT01_4033897.BLP
    WORLD/WMO/EXPANSION09/CENTAUR/10CT_CENTAUR_HUT01_4033898.BLP
      ↳ Chain: Unknown: CENTAURTENT03.WMO → BLP: 10CT_CENTAUR_HUT01_4033898.BLP
    WORLD/WMO/EXPANSION09/CENTAUR/10CT_CENTAUR_HUT01_4033899.BLP
      ↳ Chain: Unknown: CENTAURTENT03.WMO → BLP: 10CT_CENTAUR_HUT01_4033899.BLP
    WORLD/WMO/EXPANSION09/CENTAUR/10CT_CENTAUR_HUT01_4035544.BLP
      ↳ Chain: Unknown: CENTAURTENT02.WMO → BLP: 10CT_CENTAUR_HUT01_4035544.BLP
    WORLD/WMO/EXPANSION09/CENTAUR/10CT_CENTAUR_HUT02_3997708.BLP
      ↳ Chain: Unknown: CENTAURTENT03.WMO → BLP: 10CT_CENTAUR_HUT02_3997708.BLP
    WORLD/WMO/EXPANSION09/CENTAUR/10CT_CENTAUR_HUT02_3997714.BLP
      ↳ Chain: Unknown: CENTAURTENT03.WMO → BLP: 10CT_CENTAUR_HUT02_3997714.BLP
    WORLD/WMO/EXPANSION09/CENTAUR/10CT_CENTAUR_HUT02_3997715.BLP
      ↳ Chain: Unknown: CENTAURTENT03.WMO → BLP: 10CT_CENTAUR_HUT02_3997715.BLP
    WORLD/WMO/EXPANSION09/CENTAUR/10CT_CENTAUR_HUT02_4005634.BLP
      ↳ Chain: Unknown: CENTAURTENT03.WMO → BLP: 10CT_CENTAUR_HUT02_4005634.BLP
    WORLD/WMO/EXPANSION09/CENTAUR/10CT_CENTAUR_HUT02_4005640.BLP
      ↳ Chain: Unknown: CENTAURTENT02.WMO → BLP: 10CT_CENTAUR_HUT02_4005640.BLP
    WORLD/WMO/EXPANSION09/CENTAUR/10CT_CENTAUR_HUT02_4005641.BLP
      ↳ Chain: Unknown: CENTAURTENT03.WMO → BLP: 10CT_CENTAUR_HUT02_4005641.BLP
    WORLD/WMO/EXPANSION09/CENTAUR/10CT_CENTAUR_HUT02_4005648.BLP
      ↳ Chain: Unknown: CENTAURTENTCOMMAND.WMO → BLP: 10CT_CENTAUR_HUT02_4005648.BLP
    WORLD/WMO/EXPANSION09/CENTAUR/10CT_CENTAUR_HUT03_4017389.BLP
      ↳ Chain: Unknown: CENTAURTENT03.WMO → BLP: 10CT_CENTAUR_HUT03_4017389.BLP
    WORLD/WMO/EXPANSION09/CENTAUR/10CT_CENTAUR_HUT03_4039232.BLP
      ↳ Chain: Unknown: CENTAURTENT03.WMO → BLP: 10CT_CENTAUR_HUT03_4039232.BLP
    WORLD/WMO/EXPANSION09/CENTAUR/10CT_CENTAUR_HUTCOMMAND01_4065382.BLP
      ↳ Chain: Unknown: CENTAURTENTCOMMAND.WMO → BLP: 10CT_CENTAUR_HUTCOMMAND01_4065382.BLP
    WORLD/WMO/EXPANSION10/TRANSPORTS/11XP_GOBLIN_ZEPPELIN01_4885795.BLP
      ↳ Chain: Unknown: TRANSPORT_ZEPPELIN.WMO → BLP: 11XP_GOBLIN_ZEPPELIN01_4885795.BLP
    WORLD/WMO/EXPANSION10/TRANSPORTS/11XP_GOBLIN_ZEPPELIN01_4885797.BLP
      ↳ Chain: Unknown: TRANSPORT_ZEPPELIN.WMO → BLP: 11XP_GOBLIN_ZEPPELIN01_4885797.BLP
    WORLD/WMO/EXPANSION10/TRANSPORTS/11XP_GOBLIN_ZEPPELIN01_4885798.BLP
      ↳ Chain: Unknown: TRANSPORT_ZEPPELIN.WMO → BLP: 11XP_GOBLIN_ZEPPELIN01_4885798.BLP
    WORLD/WMO/EXPANSION10/TRANSPORTS/11XP_GOBLIN_ZEPPELIN01_4885801.BLP
      ↳ Chain: Unknown: TRANSPORT_ZEPPELIN.WMO → BLP: 11XP_GOBLIN_ZEPPELIN01_4885801.BLP
    WORLD/WMO/EXPANSION10/TRANSPORTS/11XP_GOBLIN_ZEPPELIN01_4885803.BLP
      ↳ Chain: Unknown: TRANSPORT_ZEPPELIN.WMO → BLP: 11XP_GOBLIN_ZEPPELIN01_4885803.BLP
    WORLD/WMO/EXPANSION10/TRANSPORTS/11XP_GOBLIN_ZEPPELIN01_4885804.BLP
      ↳ Chain: Unknown: TRANSPORT_ZEPPELIN.WMO → BLP: 11XP_GOBLIN_ZEPPELIN01_4885804.BLP
    WORLD/WMO/EXPANSION10/TRANSPORTS/11XP_GOBLIN_ZEPPELIN01_4885805.BLP
      ↳ Chain: Unknown: TRANSPORT_ZEPPELIN.WMO → BLP: 11XP_GOBLIN_ZEPPELIN01_4885805.BLP
    WORLD/WMO/EXPANSION10/TRANSPORTS/11XP_GOBLIN_ZEPPELIN01_4885810.BLP
      ↳ Chain: Unknown: TRANSPORT_ZEPPELIN.WMO → BLP: 11XP_GOBLIN_ZEPPELIN01_4885810.BLP
    WORLD/WMO/EXPANSION10/TRANSPORTS/11XP_GOBLIN_ZEPPELIN01_4885811.BLP
      ↳ Chain: Unknown: TRANSPORT_ZEPPELIN.WMO → BLP: 11XP_GOBLIN_ZEPPELIN01_4885811.BLP
    WORLD/WMO/EXPANSION10/TRANSPORTS/11XP_GOBLIN_ZEPPELIN01_4885817.BLP
      ↳ Chain: Unknown: TRANSPORT_ZEPPELIN.WMO → BLP: 11XP_GOBLIN_ZEPPELIN01_4885817.BLP
    WORLD/WMO/EXPANSION10/TRANSPORTS/11XP_GOBLIN_ZEPPELIN01_4885818.BLP
      ↳ Chain: Unknown: TRANSPORT_ZEPPELIN.WMO → BLP: 11XP_GOBLIN_ZEPPELIN01_4885818.BLP
    WORLD/WMO/EXPANSION10/TRANSPORTS/11XP_GOBLIN_ZEPPELIN01_4885819.BLP
      ↳ Chain: Unknown: TRANSPORT_ZEPPELIN.WMO → BLP: 11XP_GOBLIN_ZEPPELIN01_4885819.BLP
    WORLD/WMO/EXPANSION10/TRANSPORTS/11XP_GOBLIN_ZEPPELIN01_4885820.BLP
      ↳ Chain: Unknown: TRANSPORT_ZEPPELIN.WMO → BLP: 11XP_GOBLIN_ZEPPELIN01_4885820.BLP
    WORLD/WMO/EXPANSION10/TRANSPORTS/11XP_GOBLIN_ZEPPELIN01_4885821.BLP
      ↳ Chain: Unknown: TRANSPORT_ZEPPELIN.WMO → BLP: 11XP_GOBLIN_ZEPPELIN01_4885821.BLP
    WORLD/WMO/EXPANSION10/TRANSPORTS/11XP_GOBLIN_ZEPPELIN01_4899977.BLP
      ↳ Chain: Unknown: TRANSPORT_ZEPPELIN.WMO → BLP: 11XP_GOBLIN_ZEPPELIN01_4899977.BLP
    WORLD/WMO/EXPANSION10/TRANSPORTS/11XP_GOBLIN_ZEPPELIN01_4899980.BLP
      ↳ Chain: Unknown: TRANSPORT_ZEPPELIN.WMO → BLP: 11XP_GOBLIN_ZEPPELIN01_4899980.BLP
    WORLD/WMO/EXPANSION10/TRANSPORTS/11XP_GOBLIN_ZEPPELIN01_4899981.BLP
      ↳ Chain: Unknown: TRANSPORT_ZEPPELIN.WMO → BLP: 11XP_GOBLIN_ZEPPELIN01_4899981.BLP
    WORLD/WMO/EXPANSION10/TRANSPORTS/11XP_GOBLIN_ZEPPELIN01_4899982.BLP
      ↳ Chain: Unknown: TRANSPORT_ZEPPELIN.WMO → BLP: 11XP_GOBLIN_ZEPPELIN01_4899982.BLP
    WORLD/WMO/EXPANSION10/TRANSPORTS/11XP_GOBLIN_ZEPPELIN01_4899983.BLP
      ↳ Chain: Unknown: TRANSPORT_ZEPPELIN.WMO → BLP: 11XP_GOBLIN_ZEPPELIN01_4899983.BLP
    WORLD/WMO/EXPANSION10/TRANSPORTS/11XP_GOBLIN_ZEPPELIN01_4899984.BLP
      ↳ Chain: Unknown: TRANSPORT_ZEPPELIN.WMO → BLP: 11XP_GOBLIN_ZEPPELIN01_4899984.BLP
    WORLD/WMO/EXPANSION10/TRANSPORTS/11XP_GOBLIN_ZEPPELIN01_4899986.BLP
      ↳ Chain: Unknown: TRANSPORT_ZEPPELIN.WMO → BLP: 11XP_GOBLIN_ZEPPELIN01_4899986.BLP
    WORLD/WMO/EXPANSION10/TRANSPORTS/11XP_GOBLIN_ZEPPELIN01_4899987.BLP
      ↳ Chain: Unknown: TRANSPORT_ZEPPELIN.WMO → BLP: 11XP_GOBLIN_ZEPPELIN01_4899987.BLP
    WORLD/WMO/EXPANSION10/TRANSPORTS/11XP_GOBLIN_ZEPPELIN01_4904308.BLP
      ↳ Chain: Unknown: TRANSPORT_ZEPPELIN.WMO → BLP: 11XP_GOBLIN_ZEPPELIN01_4904308.BLP
    WORLD/WMO/KULTIRAS/HUMAN/8HU_PVP_ARATHIBASINBG_BLACKSMITH01_2144284.BLP
      ↳ Chain: Unknown: GOLDSHIREBLACKSMITH.WMO → BLP: 8HU_PVP_ARATHIBASINBG_BLACKSMITH01_2144284.BLP
    WORLD/WMO/KULTIRAS/HUMAN/8HU_PVP_ARATHIBASINBG_BLACKSMITH01_2144289.BLP
      ↳ Chain: Unknown: GOLDSHIREBLACKSMITH.WMO → BLP: 8HU_PVP_ARATHIBASINBG_BLACKSMITH01_2144289.BLP
    WORLD/WMO/KULTIRAS/HUMAN/8HU_PVP_ARATHIBASINBG_BLACKSMITH01_2144297.BLP
      ↳ Chain: Unknown: GOLDSHIREBLACKSMITH.WMO → BLP: 8HU_PVP_ARATHIBASINBG_BLACKSMITH01_2144297.BLP
    WORLD/WMO/KULTIRAS/HUMAN/8HU_PVP_ARATHIBASINBG_BLACKSMITH01_2144301.BLP
      ↳ Chain: Unknown: GOLDSHIREBLACKSMITH.WMO → BLP: 8HU_PVP_ARATHIBASINBG_BLACKSMITH01_2144301.BLP
    WORLD/WMO/KULTIRAS/HUMAN/8HU_PVP_ARATHIBASINBG_BLACKSMITH01_2144313.BLP
      ↳ Chain: Unknown: GOLDSHIREBLACKSMITH.WMO → BLP: 8HU_PVP_ARATHIBASINBG_BLACKSMITH01_2144313.BLP
    WORLD/WMO/KULTIRAS/HUMAN/8HU_PVP_ARATHIBASINBG_BLACKSMITH01_2144319.BLP
      ↳ Chain: Unknown: GOLDSHIREBLACKSMITH.WMO → BLP: 8HU_PVP_ARATHIBASINBG_BLACKSMITH01_2144319.BLP
    WORLD/WMO/KULTIRAS/HUMAN/8HU_PVP_ARATHIBASINBG_BLACKSMITH01_2144321.BLP
      ↳ Chain: Unknown: GOLDSHIREBLACKSMITH.WMO → BLP: 8HU_PVP_ARATHIBASINBG_BLACKSMITH01_2144321.BLP
    WORLD/WMO/KULTIRAS/HUMAN/8HU_PVP_ARATHIBASINBG_BLACKSMITH01_2144323.BLP
      ↳ Chain: Unknown: GOLDSHIREBLACKSMITH.WMO → BLP: 8HU_PVP_ARATHIBASINBG_BLACKSMITH01_2144323.BLP

================================================================================
PHASE 3: REPORTING
================================================================================

  Output Directory Contents:
    WMO files:    86
    M2 models:    646
    BLP textures: 2,380
    Skin files:   669
    Anim files:   0
    ─────────────────────
    Total:        3,781

  Extraction Summary:
    Assets extracted from Asset Library: 437
    Stock assets filtered: 376
    Missing assets: 160